Archive member included to satisfy reference by file (symbol)

c:\Project\C\CH583EVT\EVT\EXAM\SRC\StdPeriphDriver\libISP583.a(ISP583.o)
                              ./StdPeriphDriver/CH58x_flash.o (FLASH_EEPROM_CMD)
c:\Project\C\CH583EVT\EVT\EXAM\BLE\LIB\libCH58xBLE.a(message.o)
                              ./HAL/MCU.o (tmos_msg_deallocate)
c:\Project\C\CH583EVT\EVT\EXAM\BLE\LIB\libCH58xBLE.a(tmos.o)
                              ./Profile/devinfoservice.o (tmos_memcpy)
c:\Project\C\CH583EVT\EVT\EXAM\BLE\LIB\libCH58xBLE.a(tmos_hw.o)
                              ./HAL/RTC.o (TMOS_TimerInit)
c:\Project\C\CH583EVT\EVT\EXAM\BLE\LIB\libCH58xBLE.a(tmos_snv.o)
                              c:\Project\C\CH583EVT\EVT\EXAM\BLE\LIB\libCH58xBLE.a(tmos.o) (tmos_snv_init)
c:\Project\C\CH583EVT\EVT\EXAM\BLE\LIB\libCH58xBLE.a(gap.o)
                              ./APP/peripheral.o (GAP_SetParamValue)
c:\Project\C\CH583EVT\EVT\EXAM\BLE\LIB\libCH58xBLE.a(gap_central.o)
                              c:\Project\C\CH583EVT\EVT\EXAM\BLE\LIB\libCH58xBLE.a(gap.o) (gapProcessPeriodicAdvertisingSyncEstablishedEvt)
c:\Project\C\CH583EVT\EVT\EXAM\BLE\LIB\libCH58xBLE.a(gap_peripheral.o)
                              c:\Project\C\CH583EVT\EVT\EXAM\BLE\LIB\libCH58xBLE.a(gap.o) (GAP_PeripheralParamInit)
c:\Project\C\CH583EVT\EVT\EXAM\BLE\LIB\libCH58xBLE.a(gapgattserver.o)
                              ./APP/peripheral.o (GGS_SetParameter)
c:\Project\C\CH583EVT\EVT\EXAM\BLE\LIB\libCH58xBLE.a(gatt.o)
                              ./APP/peripheral.o (GATT_bm_alloc)
c:\Project\C\CH583EVT\EVT\EXAM\BLE\LIB\libCH58xBLE.a(gatt_uuid.o)
                              c:\Project\C\CH583EVT\EVT\EXAM\BLE\LIB\libCH58xBLE.a(gatt.o) (serviceChangedUUID)
c:\Project\C\CH583EVT\EVT\EXAM\BLE\LIB\libCH58xBLE.a(gattclientapp.o)
                              c:\Project\C\CH583EVT\EVT\EXAM\BLE\LIB\libCH58xBLE.a(gatt.o) (gattGetClientStatus)
c:\Project\C\CH583EVT\EVT\EXAM\BLE\LIB\libCH58xBLE.a(gattservapp.o)
                              ./Profile/gattprofile.o (GATTServApp_ReadCharCfg)
c:\Project\C\CH583EVT\EVT\EXAM\BLE\LIB\libCH58xBLE.a(l2cap.o)
                              c:\Project\C\CH583EVT\EVT\EXAM\BLE\LIB\libCH58xBLE.a(gatt.o) (L2CAP_GetMTU)
c:\Project\C\CH583EVT\EVT\EXAM\BLE\LIB\libCH58xBLE.a(l2cap_input.o)
                              c:\Project\C\CH583EVT\EVT\EXAM\BLE\LIB\libCH58xBLE.a(l2cap.o) (l2capProcessRxData)
c:\Project\C\CH583EVT\EVT\EXAM\BLE\LIB\libCH58xBLE.a(l2cap_output.o)
                              c:\Project\C\CH583EVT\EVT\EXAM\BLE\LIB\libCH58xBLE.a(l2cap_input.o) (l2capNotifyData)
c:\Project\C\CH583EVT\EVT\EXAM\BLE\LIB\libCH58xBLE.a(l2cap_sdu.o)
                              c:\Project\C\CH583EVT\EVT\EXAM\BLE\LIB\libCH58xBLE.a(l2cap_input.o) (l2capBuildDisconnectRsp)
c:\Project\C\CH583EVT\EVT\EXAM\BLE\LIB\libCH58xBLE.a(linkdb.o)
                              c:\Project\C\CH583EVT\EVT\EXAM\BLE\LIB\libCH58xBLE.a(l2cap.o) (linkDB_Init)
c:\Project\C\CH583EVT\EVT\EXAM\BLE\LIB\libCH58xBLE.a(sm.o)
                              c:\Project\C\CH583EVT\EVT\EXAM\BLE\LIB\libCH58xBLE.a(gap.o) (smFreePairingParams)
c:\Project\C\CH583EVT\EVT\EXAM\BLE\LIB\libCH58xBLE.a(sm_initiator.o)
                              c:\Project\C\CH583EVT\EVT\EXAM\BLE\LIB\libCH58xBLE.a(sm.o) (smInitiatorSendNextKeyInfo)
c:\Project\C\CH583EVT\EVT\EXAM\BLE\LIB\libCH58xBLE.a(sm_pdu.o)
                              c:\Project\C\CH583EVT\EVT\EXAM\BLE\LIB\libCH58xBLE.a(sm.o) (smpBuildPairingReq)
c:\Project\C\CH583EVT\EVT\EXAM\BLE\LIB\libCH58xBLE.a(sm_responding.o)
                              c:\Project\C\CH583EVT\EVT\EXAM\BLE\LIB\libCH58xBLE.a(sm.o) (smResponderSendNextKeyInfo)
c:\Project\C\CH583EVT\EVT\EXAM\BLE\LIB\libCH58xBLE.a(sm_toolbox.o)
                              c:\Project\C\CH583EVT\EVT\EXAM\BLE\LIB\libCH58xBLE.a(sm.o) (sm_ah)
c:\Project\C\CH583EVT\EVT\EXAM\BLE\LIB\libCH58xBLE.a(host_input.o)
                              c:\Project\C\CH583EVT\EVT\EXAM\BLE\LIB\libCH58xBLE.a(gap.o) (gBleHostPara)
c:\Project\C\CH583EVT\EVT\EXAM\BLE\LIB\libCH58xBLE.a(host_output.o)
                              c:\Project\C\CH583EVT\EVT\EXAM\BLE\LIB\libCH58xBLE.a(gap.o) (HCI_DisconnectCmd)
c:\Project\C\CH583EVT\EVT\EXAM\BLE\LIB\libCH58xBLE.a(ll_connect.o)
                              ./APP/peripheral.o (LL_ConnectEventRegister)
c:\Project\C\CH583EVT\EVT\EXAM\BLE\LIB\libCH58xBLE.a(ll_core.o)
                              c:\Project\C\CH583EVT\EVT\EXAM\BLE\LIB\libCH58xBLE.a(ll_connect.o) (LL_CoreGetCore)
c:\Project\C\CH583EVT\EVT\EXAM\BLE\LIB\libCH58xBLE.a(ll_hop.o)
                              c:\Project\C\CH583EVT\EVT\EXAM\BLE\LIB\libCH58xBLE.a(ll_connect.o) (LL_HopGetChannel)
c:\Project\C\CH583EVT\EVT\EXAM\BLE\LIB\libCH58xBLE.a(ll_master.o)
                              c:\Project\C\CH583EVT\EVT\EXAM\BLE\LIB\libCH58xBLE.a(gap_central.o) (LL_SetDataSendPriority)
c:\Project\C\CH583EVT\EVT\EXAM\BLE\LIB\libCH58xBLE.a(ll_pdu.o)
[...]
Memory Configuration

Name             Origin             Length             Attributes
FLASH            0x0000000000000000 0x0000000000070000 xr
RAM              0x0000000020000000 0x0000000000008000 xrw
*default*        0x0000000000000000 0xffffffffffffffff

Linker script and memory map

LOAD ./StdPeriphDriver/CH58x_adc.o
LOAD ./StdPeriphDriver/CH58x_clk.o
LOAD ./StdPeriphDriver/CH58x_flash.o
LOAD ./StdPeriphDriver/CH58x_gpio.o
LOAD ./StdPeriphDriver/CH58x_i2c.o
LOAD ./StdPeriphDriver/CH58x_pwm.o
LOAD ./StdPeriphDriver/CH58x_pwr.o
LOAD ./StdPeriphDriver/CH58x_spi0.o
LOAD ./StdPeriphDriver/CH58x_spi1.o
LOAD ./StdPeriphDriver/CH58x_sys.o
LOAD ./StdPeriphDriver/CH58x_timer0.o
LOAD ./StdPeriphDriver/CH58x_timer1.o
LOAD ./StdPeriphDriver/CH58x_timer2.o
LOAD ./StdPeriphDriver/CH58x_timer3.o
LOAD ./StdPeriphDriver/CH58x_uart0.o
LOAD ./StdPeriphDriver/CH58x_uart1.o
LOAD ./StdPeriphDriver/CH58x_uart2.o
LOAD ./StdPeriphDriver/CH58x_uart3.o
LOAD ./StdPeriphDriver/CH58x_usb2dev.o
LOAD ./StdPeriphDriver/CH58x_usb2hostBase.o
LOAD ./StdPeriphDriver/CH58x_usb2hostClass.o
LOAD ./StdPeriphDriver/CH58x_usbdev.o
LOAD ./StdPeriphDriver/CH58x_usbhostBase.o
LOAD ./StdPeriphDriver/CH58x_usbhostClass.o
LOAD ./Startup/startup_CH583.o
LOAD ./RVMSIS/core_riscv.o
LOAD ./Profile/devinfoservice.o
LOAD ./Profile/gattprofile.o
LOAD ./HAL/MCU.o
LOAD ./HAL/RTC.o
LOAD ./HAL/SLEEP.o
LOAD ./APP/peripheral.o
LOAD ./APP/peripheral_main.o
LOAD c:\Project\C\CH583EVT\EVT\EXAM\SRC\StdPeriphDriver\libISP583.a
LOAD c:\Project\C\CH583EVT\EVT\EXAM\BLE\LIB\libCH58xBLE.a
LOAD c:/mounriver/mounriver_studio2/resources/app/resources/win32/components/wch/toolchain/risc-v embedded gcc/bin/../lib/gcc/riscv-none-embed/8.2.0/../../../../riscv-none-embed/lib/rv32imac/ilp32\libm.a
LOAD c:/mounriver/mounriver_studio2/resources/app/resources/win32/components/wch/toolchain/risc-v embedded gcc/bin/../lib/gcc/riscv-none-embed/8.2.0/rv32imac/ilp32\libgcc.a
LOAD c:/mounriver/mounriver_studio2/resources/app/resources/win32/components/wch/toolchain/risc-v embedded gcc/bin/../lib/gcc/riscv-none-embed/8.2.0/../../../../riscv-none-embed/lib/rv32imac/ilp32\libg_nano.a
LOAD c:/mounriver/mounriver_studio2/resources/app/resources/win32/components/wch/toolchain/risc-v embedded gcc/bin/../lib/gcc/riscv-none-embed/8.2.0/../../../../riscv-none-embed/lib/rv32imac/ilp32\libc_nano.a
LOAD c:/mounriver/mounriver_studio2/resources/app/resources/win32/components/wch/toolchain/risc-v embedded gcc/bin/../lib/gcc/riscv-none-embed/8.2.0/rv32imac/ilp32\libgcc.a
START GROUP
LOAD c:/mounriver/mounriver_studio2/resources/app/resources/win32/components/wch/toolchain/risc-v embedded gcc/bin/../lib/gcc/riscv-none-embed/8.2.0/rv32imac/ilp32\libgcc.a
LOAD c:/mounriver/mounriver_studio2/resources/app/resources/win32/components/wch/toolchain/risc-v embedded gcc/bin/../lib/gcc/riscv-none-embed/8.2.0/../../../../riscv-none-embed/lib/rv32imac/ilp32\libc_nano.a
LOAD c:/mounriver/mounriver_studio2/resources/app/resources/win32/components/wch/toolchain/risc-v embedded gcc/bin/../lib/gcc/riscv-none-embed/8.2.0/../../../../riscv-none-embed/lib/rv32imac/ilp32\libnosys.a
END GROUP
START GROUP
LOAD c:/mounriver/mounriver_studio2/resources/app/resources/win32/components/wch/toolchain/risc-v embedded gcc/bin/../lib/gcc/riscv-none-embed/8.2.0/rv32imac/ilp32\libgcc.a
LOAD c:/mounriver/mounriver_studio2/resources/app/resources/win32/components/wch/toolchain/risc-v embedded gcc/bin/../lib/gcc/riscv-none-embed/8.2.0/../../../../riscv-none-embed/lib/rv32imac/ilp32\libc_nano.a
LOAD c:/mounriver/mounriver_studio2/resources/app/resources/win32/components/wch/toolchain/risc-v embedded gcc/bin/../lib/gcc/riscv-none-embed/8.2.0/../../../../riscv-none-embed/lib/rv32imac/ilp32\libnosys.a
END GROUP
                0x0000000000000200                __stack_size = 0x200
                [!provide]                        PROVIDE (_stack_size = __stack_size)

.init           0x0000000000000000        0x4
                0x0000000000000000                _sinit = .
                0x0000000000000000                . = ALIGN (0x4)
 *(SORT_NONE(.init))
 .init          0x0000000000000000        0x4 ./Startup/startup_CH583.o
                0x0000000000000000                _start
                0x0000000000000004                . = ALIGN (0x4)
                0x0000000000000004                _einit = .

.highcodelalign
                0x0000000000000004        0x0
                0x0000000000000004                . = ALIGN (0x4)
                0x0000000000000004                PROVIDE (_highcode_lma = .)

.highcode       0x0000000020000000     0x2030 load address 0x0000000000000004
                0x0000000020000000                . = ALIGN (0x4)
                0x0000000020000000                PROVIDE (_highcode_vma_start = .)
 *(.vector)
 .vector        0x0000000020000000       0x90 ./Startup/startup_CH583.o
 *(SORT_NONE(.vector_handler))
 .vector_handler
                0x0000000020000090        0x2 ./Startup/startup_CH583.o
                0x0000000020000090                GPIOB_IRQHandler
                0x0000000020000090                GPIOA_IRQHandler
                0x0000000020000090                SysTick_Handler
                0x0000000020000090                NMI_Handler
                0x0000000020000090                UART1_IRQHandler
                0x0000000020000090                UART0_IRQHandler
                0x0000000020000090                BB_IRQHandler
                0x0000000020000090                Break_Point_Handler
                0x0000000020000090                TMR0_IRQHandler
                0x0000000020000090                Ecall_M_Mode_Handler
                0x0000000020000090                UART2_IRQHandler
                0x0000000020000090                PWMX_IRQHandler
                0x0000000020000090                ADC_IRQHandler
                0x0000000020000090                TMR2_IRQHandler
                0x0000000020000090                USB_IRQHandler
                0x0000000020000090                I2C_IRQHandler
                0x0000000020000090                USB2_IRQHandler
                0x0000000020000090                LLE_IRQHandler
                0x0000000020000090                WDOG_BAT_IRQHandler
                0x0000000020000090                Ecall_U_Mode_Handler
                0x0000000020000090                TMR3_IRQHandler
                0x0000000020000090                SW_Handler
                0x0000000020000090                SPI0_IRQHandler
                0x0000000020000090                UART3_IRQHandler
                0x0000000020000090                TMR1_IRQHandler
 *(.highcode)
 .highcode      0x0000000020000092       0x18 ./StdPeriphDriver/CH58x_clk.o
                0x0000000020000092                RTC_GetCycle32k
 .highcode      0x00000000200000aa      0x4ec ./StdPeriphDriver/CH58x_sys.o
                0x00000000200000aa                SetSysClock
                0x0000000020000430                SYS_ResetExecute
                0x00000000200004a2                HardFault_Handler
                0x0000000020000560                mDelayuS
                0x000000002000056e                mDelaymS
 .highcode      0x0000000020000596       0x16 ./HAL/RTC.o
                0x0000000020000596                RTC_IRQHandler
 .highcode      0x00000000200005ac        0x8 ./APP/peripheral_main.o
                0x00000000200005ac                Main_Circulation
 .highcode      0x00000000200005b4      0x426 c:\Project\C\CH583EVT\EVT\EXAM\SRC\StdPeriphDriver\libISP583.a(ISP583.o)
                0x00000000200005b4                FLASH_ROM_BEG
                0x00000000200005c6                FLASH_ROM_END
                0x00000000200005d4                FLASH_ROM_IN
                0x00000000200005e2                FLASH_ROM_OUT
                0x00000000200005f0                FLASH_ROM_ADDR
                0x0000000020000638                FLASH_ROM_WAIT
                0x0000000020000670                FLASH_EEPROM_CMD
 .highcode      0x00000000200009da      0x40e c:\Project\C\CH583EVT\EVT\EXAM\BLE\LIB\libCH58xBLE.a(tmos.o)
                0x00000000200009da                tmos_memcpy
                0x00000000200009fa                tmos_memcpy_word
                0x0000000020000a12                tmos_memset
                0x0000000020000a24                tmos_strlen
                0x0000000020000a38                tmos_memdup
                0x0000000020000a6a                tmos_memcmp
                0x0000000020000a98                tmos_revmemcpy
                0x0000000020000ab4                tmos_isbufset
                0x0000000020000ad6                tmos_proces_system_time
                0x0000000020000c0a                TMOS_SystemProcess
 .highcode      0x0000000020000de8       0x50 c:\Project\C\CH583EVT\EVT\EXAM\BLE\LIB\libCH58xBLE.a(tmos_hw.o)
                0x0000000020000e32                TMOS_TimerIRQHandler
 .highcode      0x0000000020000e38      0x2d6 c:\Project\C\CH583EVT\EVT\EXAM\BLE\LIB\libCH58xBLE.a(ll_connect.o)
                0x0000000020000e38                ll_connect_send_data
                0x0000000020000f60                ll_connect_recv_data
                0x000000002000103c                ll_connect_event_continue
                0x0000000020001102                ll_wait_connect_event
 .highcode      0x000000002000110e      0x310 c:\Project\C\CH583EVT\EVT\EXAM\BLE\LIB\libCH58xBLE.a(ll_hop.o)
                0x000000002000110e                LL_HopGetChannel
                0x00000000200011b4                LL_HopGetChannel2
 .highcode      0x000000002000141e       0x50 c:\Project\C\CH583EVT\EVT\EXAM\BLE\LIB\libCH58xBLE.a(ll_whitelist.o)
                0x000000002000141e                LL_WhitelistLookup
 .highcode      0x000000002000146e      0x1b2 c:\Project\C\CH583EVT\EVT\EXAM\BLE\LIB\libCH58xBLE.a(aes.o)
                0x000000002000146e                AES_DevAESEnc
 .highcode      0x0000000020001620      0x14a c:\Project\C\CH583EVT\EVT\EXAM\BLE\LIB\libCH58xBLE.a(bb.o)
                0x0000000020001620                BB_IRQLibHandler
                0x0000000020001720                BB_IRQLibFunction
 .highcode      0x000000002000176a      0x368 c:\Project\C\CH583EVT\EVT\EXAM\BLE\LIB\libCH58xBLE.a(ip.o)
                0x000000002000176a                ll_rx_wait_finish
                0x00000000200017a4                ble_ll_chkcrc
                0x0000000020001842                ll_tx_wait_finish
                0x000000002000193a                BLE_CheckHoppingMap
 .highcode      0x0000000020001ad2      0x254 c:\Project\C\CH583EVT\EVT\EXAM\BLE\LIB\libCH58xBLE.a(lle.o)
                0x0000000020001ad2                LLE_IRQLibHandler
                0x0000000020001cdc                LLE_IRQLibFunction
 .highcode      0x0000000020001d26       0x32 c:\Project\C\CH583EVT\EVT\EXAM\BLE\LIB\libCH58xBLE.a(rfend.o)
                0x0000000020001d26                RFEND_WaitTune
 .highcode      0x0000000020001d58      0x19e c:\Project\C\CH583EVT\EVT\EXAM\BLE\LIB\libCH58xBLE.a(memory.o)
                0x0000000020001d58                tmos_memory_allocate
                0x0000000020001e1e                tmos_memory_free
 .highcode      0x0000000020001ef6      0x138 c:\Project\C\CH583EVT\EVT\EXAM\BLE\LIB\libCH58xBLE.a(ll_resolvinglist.o)
                0x0000000020001ef6                ll_resolvinglist_checkRPA
                0x0000000020001f62                LL_ResolvinglistPeerIdentifyAddressGetIrk
                0x0000000020001fb6                LL_ResolvinglistPeerRpaAddressGetIrk
                0x0000000020001ff2                LL_ResolvinglistLocalRpaAddressGetIrk
 *(.highcode.*)
                0x0000000020002030                . = ALIGN (0x4)
 *fill*         0x000000002000202e        0x2 
                0x0000000020002030                PROVIDE (_highcode_vma_end = .)

.text           0x0000000000002034    0x228b4
                0x0000000000002034                . = ALIGN (0x4)
 *(SORT_NONE(.handle_reset))
 .handle_reset  0x0000000000002034       0xda ./Startup/startup_CH583.o
                0x0000000000002034                handle_reset
 *(.text)
 .text          0x000000000000210e       0xa8 c:/mounriver/mounriver_studio2/resources/app/resources/win32/components/wch/toolchain/risc-v embedded gcc/bin/../lib/gcc/riscv-none-embed/8.2.0/../../../../riscv-none-embed/lib/rv32imac/ilp32\libg_nano.a(lib_a-memset.o)
                0x000000000000210e                memset
 *(.text.*)
 .text.ADC_InterTSSampInit
                0x00000000000021b6       0x28 ./StdPeriphDriver/CH58x_adc.o
                0x00000000000021b6                ADC_InterTSSampInit
 .text.LSECFG_Current
                0x00000000000021de       0x68 ./StdPeriphDriver/CH58x_clk.o
                0x00000000000021de                LSECFG_Current
 .text.RTC_InitTime
                0x0000000000002246      0x204 ./StdPeriphDriver/CH58x_clk.o
                0x0000000000002246                RTC_InitTime
 .text.Calibration_LSI
                0x000000000000244a      0x8da ./StdPeriphDriver/CH58x_clk.o
                0x000000000000244a                Calibration_LSI
 .text.GPIOA_ModeCfg
                0x0000000000002d24       0xa6 ./StdPeriphDriver/CH58x_gpio.o
                0x0000000000002d24                GPIOA_ModeCfg
 .text.GetSysClock
                0x0000000000002dca       0x42 ./StdPeriphDriver/CH58x_sys.o
                0x0000000000002dca                GetSysClock
 .text.SYS_DisableAllIrq
                0x0000000000002e0c       0x20 ./StdPeriphDriver/CH58x_sys.o
                0x0000000000002e0c                SYS_DisableAllIrq
 .text.SYS_RecoverIrq
                0x0000000000002e2c       0x14 ./StdPeriphDriver/CH58x_sys.o
                0x0000000000002e2c                SYS_RecoverIrq
 .text.SYS_GetSysTickCnt
                0x0000000000002e40        0xa ./StdPeriphDriver/CH58x_sys.o
                0x0000000000002e40                SYS_GetSysTickCnt
 .text._write   0x0000000000002e4a       0x28 ./StdPeriphDriver/CH58x_sys.o
                0x0000000000002e4a                _write
 .text._sbrk    0x0000000000002e72       0x34 ./StdPeriphDriver/CH58x_sys.o
                0x0000000000002e72                _sbrk
 .text.UART1_BaudRateCfg
                0x0000000000002ea6       0x30 ./StdPeriphDriver/CH58x_uart1.o
                0x0000000000002ea6                UART1_BaudRateCfg
 .text.UART1_DefInit
                0x0000000000002ed6       0x32 ./StdPeriphDriver/CH58x_uart1.o
                0x0000000000002ed6                UART1_DefInit
 .text.devInfo_ReadAttrCB
                0x0000000000002f08      0x196 ./Profile/devinfoservice.o
 .text.DevInfo_AddService
                0x000000000000309e       0x18 ./Profile/devinfoservice.o
                0x000000000000309e                DevInfo_AddService
 .text.simpleProfile_ReadAttrCB
                0x00000000000030b6       0x82 ./Profile/gattprofile.o
 .text.simpleProfile_WriteAttrCB
                0x0000000000003138       0xce ./Profile/gattprofile.o
 .text.simpleProfile_HandleConnStatusCB
                0x0000000000003206       0x3e ./Profile/gattprofile.o
 .text.SimpleProfile_AddService
                0x0000000000003244       0x4c ./Profile/gattprofile.o
                0x0000000000003244                SimpleProfile_AddService
 .text.SimpleProfile_RegisterAppCBs
                0x0000000000003290        0xe ./Profile/gattprofile.o
                0x0000000000003290                SimpleProfile_RegisterAppCBs
 .text.SimpleProfile_SetParameter
                0x000000000000329e       0x82 ./Profile/gattprofile.o
                0x000000000000329e                SimpleProfile_SetParameter
 .text.simpleProfile_Notify
                0x0000000000003320       0x46 ./Profile/gattprofile.o
                0x0000000000003320                simpleProfile_Notify
 .text.Lib_Calibration_LSI
                0x0000000000003366        0x6 ./HAL/MCU.o
                0x0000000000003366                Lib_Calibration_LSI
 .text.Lib_Read_Flash
                0x000000000000336c       0x1c ./HAL/MCU.o
                0x000000000000336c                Lib_Read_Flash
 .text.Lib_Write_Flash
                0x0000000000003388       0x40 ./HAL/MCU.o
                0x0000000000003388                Lib_Write_Flash
 .text.HAL_GetInterTempValue
                0x00000000000033c8       0x72 ./HAL/MCU.o
                0x00000000000033c8                HAL_GetInterTempValue
 .text.HAL_ProcessEvent
                0x000000000000343a       0x7e ./HAL/MCU.o
                0x000000000000343a                HAL_ProcessEvent
 .text.CH58X_BLEInit
                0x00000000000034b8      0x118 ./HAL/MCU.o
                0x00000000000034b8                CH58X_BLEInit
 .text.HAL_Init
                0x00000000000035d0       0x30 ./HAL/MCU.o
                0x00000000000035d0                HAL_Init
 .text.HAL_TimeInit
                0x0000000000003600       0xe0 ./HAL/RTC.o
                0x0000000000003600                HAL_TimeInit
 .text.peripheralRssiCB
                0x00000000000036e0       0x12 ./APP/peripheral.o
 .text.simpleProfileChangeCB
                0x00000000000036f2       0x3e ./APP/peripheral.o
 .text.peripheralParamUpdateCB
                0x0000000000003730       0x30 ./APP/peripheral.o
 .text.Peripheral_ProcessEvent
                0x0000000000003760      0x140 ./APP/peripheral.o
                0x0000000000003760                Peripheral_ProcessEvent
 .text.Peripheral_LinkTerminated
                0x00000000000038a0       0x58 ./APP/peripheral.o
 .text.peripheralStateNotificationCB
                0x00000000000038f8      0x14a ./APP/peripheral.o
 .text.peripheralConnectEventCB
                0x0000000000003a42       0x8a ./APP/peripheral.o
 .text.Peripheral_Init
                0x0000000000003acc      0x190 ./APP/peripheral.o
                0x0000000000003acc                Peripheral_Init
 .text.startup.main
                0x0000000000003c5c       0x50 ./APP/peripheral_main.o
                0x0000000000003c5c                main
 .text.tmos_msg_enqueue
                0x0000000000003cac       0x1e c:\Project\C\CH583EVT\EVT\EXAM\BLE\LIB\libCH58xBLE.a(message.o)
                0x0000000000003cac                tmos_msg_enqueue
 .text.tmos_msg_deallocate
                0x0000000000003cca       0x2c c:\Project\C\CH583EVT\EVT\EXAM\BLE\LIB\libCH58xBLE.a(message.o)
                0x0000000000003cca                tmos_msg_deallocate
 .text.tmos_msg_allocate
                0x0000000000003cf6       0x46 c:\Project\C\CH583EVT\EVT\EXAM\BLE\LIB\libCH58xBLE.a(message.o)
                0x0000000000003cf6                tmos_msg_allocate
 .text.tmos_msg_receive
                0x0000000000003d3c       0x68 c:\Project\C\CH583EVT\EVT\EXAM\BLE\LIB\libCH58xBLE.a(message.o)
                0x0000000000003d3c                tmos_msg_receive
 .text.tmos_msg_send
                0x0000000000003da4       0x5c c:\Project\C\CH583EVT\EVT\EXAM\BLE\LIB\libCH58xBLE.a(message.o)
                0x0000000000003da4                tmos_msg_send
 .text.tmos_msg_init
                0x0000000000003e00        0x6 c:\Project\C\CH583EVT\EVT\EXAM\BLE\LIB\libCH58xBLE.a(message.o)
                0x0000000000003e00                tmos_msg_init
 .text.tmosFindTask
                0x0000000000003e06       0x20 c:\Project\C\CH583EVT\EVT\EXAM\BLE\LIB\libCH58xBLE.a(tmos.o)
 .text.TMOS_CB_PeriodicProcessEvent
                0x0000000000003e26       0x82 c:\Project\C\CH583EVT\EVT\EXAM\BLE\LIB\libCH58xBLE.a(tmos.o)
                0x0000000000003e26                TMOS_CB_PeriodicProcessEvent
 .text.TMOS_CB_ProcessEvent
                0x0000000000003ea8       0x7c c:\Project\C\CH583EVT\EVT\EXAM\BLE\LIB\libCH58xBLE.a(tmos.o)
                0x0000000000003ea8                TMOS_CB_ProcessEvent
 .text.tmos_rand
                0x0000000000003f24       0x4e c:\Project\C\CH583EVT\EVT\EXAM\BLE\LIB\libCH58xBLE.a(tmos.o)
                0x0000000000003f24                tmos_rand
 .text.tmos_start_periodic_callback_task
                0x0000000000003f72       0xda c:\Project\C\CH583EVT\EVT\EXAM\BLE\LIB\libCH58xBLE.a(tmos.o)
                0x0000000000003f72                tmos_start_periodic_callback_task
 .text.tmos_set_event
                0x000000000000404c       0x2a c:\Project\C\CH583EVT\EVT\EXAM\BLE\LIB\libCH58xBLE.a(tmos.o)
                0x000000000000404c                tmos_set_event
 .text.tmos_clear_event
                0x0000000000004076       0x2e c:\Project\C\CH583EVT\EVT\EXAM\BLE\LIB\libCH58xBLE.a(tmos.o)
                0x0000000000004076                tmos_clear_event
 .text.tmos_update_callback_timer
                0x00000000000040a4       0xba c:\Project\C\CH583EVT\EVT\EXAM\BLE\LIB\libCH58xBLE.a(tmos.o)
                0x00000000000040a4                tmos_update_callback_timer
 .text.tmos_update_periodic_callback_timer
                0x000000000000415e       0x5a c:\Project\C\CH583EVT\EVT\EXAM\BLE\LIB\libCH58xBLE.a(tmos.o)
                0x000000000000415e                tmos_update_periodic_callback_timer
 .text.tmos_start_task
                0x00000000000041b8      0x126 c:\Project\C\CH583EVT\EVT\EXAM\BLE\LIB\libCH58xBLE.a(tmos.o)
                0x00000000000041b8                tmos_start_task
 .text.tmos_start_callback_task
                0x00000000000042de       0x96 c:\Project\C\CH583EVT\EVT\EXAM\BLE\LIB\libCH58xBLE.a(tmos.o)
                0x00000000000042de                tmos_start_callback_task
 .text.tmos_start_reload_task
                0x0000000000004374       0x54 c:\Project\C\CH583EVT\EVT\EXAM\BLE\LIB\libCH58xBLE.a(tmos.o)
                0x0000000000004374                tmos_start_reload_task
 .text.tmos_stop_task
                0x00000000000043c8       0x48 c:\Project\C\CH583EVT\EVT\EXAM\BLE\LIB\libCH58xBLE.a(tmos.o)
                0x00000000000043c8                tmos_stop_task
 .text.tmos_stop_callback_task
                0x0000000000004410       0x56 c:\Project\C\CH583EVT\EVT\EXAM\BLE\LIB\libCH58xBLE.a(tmos.o)
                0x0000000000004410                tmos_stop_callback_task
 .text.tmos_get_task_timer
                0x0000000000004466       0x5e c:\Project\C\CH583EVT\EVT\EXAM\BLE\LIB\libCH58xBLE.a(tmos.o)
                0x0000000000004466                tmos_get_task_timer
 .text.TMOS_TimerRegister
                0x00000000000044c4       0x1a c:\Project\C\CH583EVT\EVT\EXAM\BLE\LIB\libCH58xBLE.a(tmos.o)
                0x00000000000044c4                TMOS_TimerRegister
 .text.TMOS_ProcessRegister
                0x00000000000044de       0x16 c:\Project\C\CH583EVT\EVT\EXAM\BLE\LIB\libCH58xBLE.a(tmos.o)
                0x00000000000044de                TMOS_ProcessRegister
 .text.TMOS_Init
                0x00000000000044f4      0x10e c:\Project\C\CH583EVT\EVT\EXAM\BLE\LIB\libCH58xBLE.a(tmos.o)
                0x00000000000044f4                TMOS_Init
 .text.TMOS_ProcessEventRegister
                0x0000000000004602       0x38 c:\Project\C\CH583EVT\EVT\EXAM\BLE\LIB\libCH58xBLE.a(tmos.o)
                0x0000000000004602                TMOS_ProcessEventRegister
 .text.BLE_LibInit
                0x000000000000463a      0x178 c:\Project\C\CH583EVT\EVT\EXAM\BLE\LIB\libCH58xBLE.a(tmos.o)
                0x000000000000463a                BLE_LibInit
 .text.clockGetTickValve
                0x00000000000047b2       0x7e c:\Project\C\CH583EVT\EVT\EXAM\BLE\LIB\libCH58xBLE.a(tmos_hw.o)
 .text.ll_get_sca_divisor
                0x0000000000004830       0x40 c:\Project\C\CH583EVT\EVT\EXAM\BLE\LIB\libCH58xBLE.a(tmos_hw.o)
                0x0000000000004830                ll_get_sca_divisor
 .text.ll_get_sca_own
                0x0000000000004870       0x46 c:\Project\C\CH583EVT\EVT\EXAM\BLE\LIB\libCH58xBLE.a(tmos_hw.o)
                0x0000000000004870                ll_get_sca_own
 .text.ble_ll_common_rand8
                0x00000000000048b6       0x24 c:\Project\C\CH583EVT\EVT\EXAM\BLE\LIB\libCH58xBLE.a(tmos_hw.o)
                0x00000000000048b6                ble_ll_common_rand8
 .text.ble_ll_common_rand16
                0x00000000000048da       0x24 c:\Project\C\CH583EVT\EVT\EXAM\BLE\LIB\libCH58xBLE.a(tmos_hw.o)
                0x00000000000048da                ble_ll_common_rand16
 .text.ble_ll_common_rand32
                0x00000000000048fe       0x20 c:\Project\C\CH583EVT\EVT\EXAM\BLE\LIB\libCH58xBLE.a(tmos_hw.o)
                0x00000000000048fe                ble_ll_common_rand32
 .text.TMOS_TempSample
                0x000000000000491e       0x62 c:\Project\C\CH583EVT\EVT\EXAM\BLE\LIB\libCH58xBLE.a(tmos_hw.o)
                0x000000000000491e                TMOS_TempSample
 .text.TMOS_TimerInit
                0x0000000000004980      0x14c c:\Project\C\CH583EVT\EVT\EXAM\BLE\LIB\libCH58xBLE.a(tmos_hw.o)
                0x0000000000004980                TMOS_TimerInit
 .text.tmos_snv_init
                0x0000000000004acc       0xc0 c:\Project\C\CH583EVT\EVT\EXAM\BLE\LIB\libCH58xBLE.a(tmos_snv.o)
                0x0000000000004acc                tmos_snv_init
 .text.tmos_snv_read
                0x0000000000004b8c      0x292 c:\Project\C\CH583EVT\EVT\EXAM\BLE\LIB\libCH58xBLE.a(tmos_snv.o)
                0x0000000000004b8c                tmos_snv_read
 .text.tmos_snv_notify
                0x0000000000004e1e       0x5a c:\Project\C\CH583EVT\EVT\EXAM\BLE\LIB\libCH58xBLE.a(tmos_snv.o)
                0x0000000000004e1e                tmos_snv_notify
 .text.tmos_snv_write
                0x0000000000004e78      0x2ce c:\Project\C\CH583EVT\EVT\EXAM\BLE\LIB\libCH58xBLE.a(tmos_snv.o)
                0x0000000000004e78                tmos_snv_write
 .text.tmos_snv_compact
                0x0000000000005146        0x4 c:\Project\C\CH583EVT\EVT\EXAM\BLE\LIB\libCH58xBLE.a(tmos_snv.o)
                0x0000000000005146                tmos_snv_compact
 .text.disconnectNext
                0x000000000000514a       0x22 c:\Project\C\CH583EVT\EVT\EXAM\BLE\LIB\libCH58xBLE.a(gap.o)
 .text.GAP_ParamInit
                0x000000000000516c       0xec c:\Project\C\CH583EVT\EVT\EXAM\BLE\LIB\libCH58xBLE.a(gap.o)
                0x000000000000516c                GAP_ParamInit
 .text.sendTerminateEvent
                0x0000000000005258       0x58 c:\Project\C\CH583EVT\EVT\EXAM\BLE\LIB\libCH58xBLE.a(gap.o)
                0x0000000000005258                sendTerminateEvent
 .text.gapRegisterCentral
                0x00000000000052b0        0x6 c:\Project\C\CH583EVT\EVT\EXAM\BLE\LIB\libCH58xBLE.a(gap.o)
                0x00000000000052b0                gapRegisterCentral
 .text.gapRegisterCentralConn
                0x00000000000052b6        0x6 c:\Project\C\CH583EVT\EVT\EXAM\BLE\LIB\libCH58xBLE.a(gap.o)
                0x00000000000052b6                gapRegisterCentralConn
 .text.gapRegisterPeripheral
                0x00000000000052bc        0x6 c:\Project\C\CH583EVT\EVT\EXAM\BLE\LIB\libCH58xBLE.a(gap.o)
                0x00000000000052bc                gapRegisterPeripheral
 .text.gapRegisterPeripheralConn
                0x00000000000052c2        0x6 c:\Project\C\CH583EVT\EVT\EXAM\BLE\LIB\libCH58xBLE.a(gap.o)
                0x00000000000052c2                gapRegisterPeripheralConn
 .text.smGenerateRandBuf
                0x00000000000052c8       0x56 c:\Project\C\CH583EVT\EVT\EXAM\BLE\LIB\libCH58xBLE.a(gap.o)
                0x00000000000052c8                smGenerateRandBuf
 .text.gapL2capConnParamUpdateReq
                0x000000000000531e       0x36 c:\Project\C\CH583EVT\EVT\EXAM\BLE\LIB\libCH58xBLE.a(gap.o)
                0x000000000000531e                gapL2capConnParamUpdateReq
 .text.gapValidADType
                0x0000000000005354       0x16 c:\Project\C\CH583EVT\EVT\EXAM\BLE\LIB\libCH58xBLE.a(gap.o)
                0x0000000000005354                gapValidADType
 .text.gapFindADType
                0x000000000000536a       0x92 c:\Project\C\CH583EVT\EVT\EXAM\BLE\LIB\libCH58xBLE.a(gap.o)
                0x000000000000536a                gapFindADType
 .text.GAP_SecParamsInit
                0x00000000000053fc       0xaa c:\Project\C\CH583EVT\EVT\EXAM\BLE\LIB\libCH58xBLE.a(gap.o)
                0x00000000000053fc                GAP_SecParamsInit
 .text.GAP_ParamsInit
                0x00000000000054a6       0x50 c:\Project\C\CH583EVT\EVT\EXAM\BLE\LIB\libCH58xBLE.a(gap.o)
                0x00000000000054a6                GAP_ParamsInit
 .text.gapAddAddrAdj
                0x00000000000054f6       0x48 c:\Project\C\CH583EVT\EVT\EXAM\BLE\LIB\libCH58xBLE.a(gap.o)
                0x00000000000054f6                gapAddAddrAdj
 .text.gapDetermineAddrType
                0x000000000000553e       0x28 c:\Project\C\CH583EVT\EVT\EXAM\BLE\LIB\libCH58xBLE.a(gap.o)
                0x000000000000553e                gapDetermineAddrType
 .text.gapFreeAuthLink
                0x0000000000005566       0x4a c:\Project\C\CH583EVT\EVT\EXAM\BLE\LIB\libCH58xBLE.a(gap.o)
                0x0000000000005566                gapFreeAuthLink
 .text.gapGetDevAddress
                0x00000000000055b0       0x24 c:\Project\C\CH583EVT\EVT\EXAM\BLE\LIB\libCH58xBLE.a(gap.o)
                0x00000000000055b0                gapGetDevAddress
 .text.gapGetDevAddressMode
                0x00000000000055d4        0xa c:\Project\C\CH583EVT\EVT\EXAM\BLE\LIB\libCH58xBLE.a(gap.o)
                0x00000000000055d4                gapGetDevAddressMode
 .text.gapGetIRK
                0x00000000000055de        0xc c:\Project\C\CH583EVT\EVT\EXAM\BLE\LIB\libCH58xBLE.a(gap.o)
                0x00000000000055de                gapGetIRK
 .text.gapGetSRK
                0x00000000000055ea        0xc c:\Project\C\CH583EVT\EVT\EXAM\BLE\LIB\libCH58xBLE.a(gap.o)
                0x00000000000055ea                gapGetSRK
 .text.gapGetSignCounter
                0x00000000000055f6        0xe c:\Project\C\CH583EVT\EVT\EXAM\BLE\LIB\libCH58xBLE.a(gap.o)
                0x00000000000055f6                gapGetSignCounter
 .text.gapIncSignCounter
                0x0000000000005604       0x28 c:\Project\C\CH583EVT\EVT\EXAM\BLE\LIB\libCH58xBLE.a(gap.o)
                0x0000000000005604                gapIncSignCounter
 .text.gapProcessConnEvt
                0x000000000000562c       0x48 c:\Project\C\CH583EVT\EVT\EXAM\BLE\LIB\libCH58xBLE.a(gap.o)
                0x000000000000562c                gapProcessConnEvt
 .text.gapProcessDisconnectCompleteEvt
                0x0000000000005674       0xa6 c:\Project\C\CH583EVT\EVT\EXAM\BLE\LIB\libCH58xBLE.a(gap.o)
                0x0000000000005674                gapProcessDisconnectCompleteEvt
 .text.sendAuthEvent
                0x000000000000571a      0x11e c:\Project\C\CH583EVT\EVT\EXAM\BLE\LIB\libCH58xBLE.a(gap.o)
                0x000000000000571a                sendAuthEvent
 .text.gapSendBondCompleteEvent
                0x0000000000005838       0x74 c:\Project\C\CH583EVT\EVT\EXAM\BLE\LIB\libCH58xBLE.a(gap.o)
                0x0000000000005838                gapSendBondCompleteEvent
 .text.gapSendPairingReqEvent
                0x00000000000058ac       0x96 c:\Project\C\CH583EVT\EVT\EXAM\BLE\LIB\libCH58xBLE.a(gap.o)
                0x00000000000058ac                gapSendPairingReqEvent
 .text.gapSendSlaveSecurityReqEvent
                0x0000000000005942       0x68 c:\Project\C\CH583EVT\EVT\EXAM\BLE\LIB\libCH58xBLE.a(gap.o)
                0x0000000000005942                gapSendSlaveSecurityReqEvent
 .text.gapSendDeviceInitDoneEvent
                0x00000000000059aa       0x88 c:\Project\C\CH583EVT\EVT\EXAM\BLE\LIB\libCH58xBLE.a(gap.o)
                0x00000000000059aa                gapSendDeviceInitDoneEvent
 .text.gapSendLinkUpdateEvent
                0x0000000000005a32       0xb2 c:\Project\C\CH583EVT\EVT\EXAM\BLE\LIB\libCH58xBLE.a(gap.o)
                0x0000000000005a32                gapSendLinkUpdateEvent
 .text.gapSendPhyUpdateEvent
                0x0000000000005ae4       0x58 c:\Project\C\CH583EVT\EVT\EXAM\BLE\LIB\libCH58xBLE.a(gap.o)
                0x0000000000005ae4                gapSendPhyUpdateEvent
 .text.gapSendEstLinkEvent
                0x0000000000005b3c       0xbc c:\Project\C\CH583EVT\EVT\EXAM\BLE\LIB\libCH58xBLE.a(gap.o)
                0x0000000000005b3c                gapSendEstLinkEvent
 .text.gapProcessNewAddr
                0x0000000000005bf8       0x3e c:\Project\C\CH583EVT\EVT\EXAM\BLE\LIB\libCH58xBLE.a(gap.o)
                0x0000000000005bf8                gapProcessNewAddr
 .text.gapProcessRandomAddrComplete
                0x0000000000005c36       0xb6 c:\Project\C\CH583EVT\EVT\EXAM\BLE\LIB\libCH58xBLE.a(gap.o)
                0x0000000000005c36                gapProcessRandomAddrComplete
 .text.GAP_Authenticate
                0x0000000000005cec       0xde c:\Project\C\CH583EVT\EVT\EXAM\BLE\LIB\libCH58xBLE.a(gap.o)
                0x0000000000005cec                GAP_Authenticate
 .text.GAP_Bond
                0x0000000000005dca       0xaa c:\Project\C\CH583EVT\EVT\EXAM\BLE\LIB\libCH58xBLE.a(gap.o)
                0x0000000000005dca                GAP_Bond
 .text.GAP_GetParamValue
                0x0000000000005e74       0x20 c:\Project\C\CH583EVT\EVT\EXAM\BLE\LIB\libCH58xBLE.a(gap.o)
                0x0000000000005e74                GAP_GetParamValue
 .text.GAP_PasscodeUpdate
                0x0000000000005e94       0x54 c:\Project\C\CH583EVT\EVT\EXAM\BLE\LIB\libCH58xBLE.a(gap.o)
                0x0000000000005e94                GAP_PasscodeUpdate
 .text.GAP_RegisterForMsgs
                0x0000000000005ee8        0xa c:\Project\C\CH583EVT\EVT\EXAM\BLE\LIB\libCH58xBLE.a(gap.o)
                0x0000000000005ee8                GAP_RegisterForMsgs
 .text.GAP_ResolvePrivateAddr
                0x0000000000005ef2        0x4 c:\Project\C\CH583EVT\EVT\EXAM\BLE\LIB\libCH58xBLE.a(gap.o)
                0x0000000000005ef2                GAP_ResolvePrivateAddr
 .text.gapPairingCompleteCB
                0x0000000000005ef6      0x18c c:\Project\C\CH583EVT\EVT\EXAM\BLE\LIB\libCH58xBLE.a(gap.o)
                0x0000000000005ef6                gapPairingCompleteCB
 .text.gapPasskeyNeededCB
                0x0000000000006082       0x8e c:\Project\C\CH583EVT\EVT\EXAM\BLE\LIB\libCH58xBLE.a(gap.o)
                0x0000000000006082                gapPasskeyNeededCB
 .text.gapOobNeededCB
                0x0000000000006110       0xa6 c:\Project\C\CH583EVT\EVT\EXAM\BLE\LIB\libCH58xBLE.a(gap.o)
                0x0000000000006110                gapOobNeededCB
 .text.gapFreeEstLink
                0x00000000000061b6       0x20 c:\Project\C\CH583EVT\EVT\EXAM\BLE\LIB\libCH58xBLE.a(gap.o)
                0x00000000000061b6                gapFreeEstLink
 .text.gapUpdateConnSignCounter
                0x00000000000061d6       0x7a c:\Project\C\CH583EVT\EVT\EXAM\BLE\LIB\libCH58xBLE.a(gap.o)
                0x00000000000061d6                gapUpdateConnSignCounter
 .text.GAP_SendSlaveSecurityRequest
                0x0000000000006250       0x4a c:\Project\C\CH583EVT\EVT\EXAM\BLE\LIB\libCH58xBLE.a(gap.o)
                0x0000000000006250                GAP_SendSlaveSecurityRequest
 .text.GAP_Signable
                0x000000000000629a       0x6a c:\Project\C\CH583EVT\EVT\EXAM\BLE\LIB\libCH58xBLE.a(gap.o)
                0x000000000000629a                GAP_Signable
 .text.GAP_TerminateAuth
                0x0000000000006304       0x2a c:\Project\C\CH583EVT\EVT\EXAM\BLE\LIB\libCH58xBLE.a(gap.o)
                0x0000000000006304                GAP_TerminateAuth
 .text.GAP_NumActiveConnections
                0x000000000000632e        0x4 c:\Project\C\CH583EVT\EVT\EXAM\BLE\LIB\libCH58xBLE.a(gap.o)
                0x000000000000632e                GAP_NumActiveConnections
 .text.GAP_TerminateLinkReq
                0x0000000000006332       0x8e c:\Project\C\CH583EVT\EVT\EXAM\BLE\LIB\libCH58xBLE.a(gap.o)
                0x0000000000006332                GAP_TerminateLinkReq
 .text.GAP_SetParamValue
                0x00000000000063c0       0x6c c:\Project\C\CH583EVT\EVT\EXAM\BLE\LIB\libCH58xBLE.a(gap.o)
                0x00000000000063c0                GAP_SetParamValue
 .text.GAP_Init
                0x000000000000642c       0x48 c:\Project\C\CH583EVT\EVT\EXAM\BLE\LIB\libCH58xBLE.a(gap.o)
                0x000000000000642c                GAP_Init
 .text.GAP_ProcessEvent
                0x0000000000006474      0x66a c:\Project\C\CH583EVT\EVT\EXAM\BLE\LIB\libCH58xBLE.a(gap.o)
                0x0000000000006474                GAP_ProcessEvent
 .text.gapSendScanEnable
                0x0000000000006ade       0x3a c:\Project\C\CH583EVT\EVT\EXAM\BLE\LIB\libCH58xBLE.a(gap_central.o)
 .text.gapCentProcessConnEvt
                0x0000000000006b18      0x168 c:\Project\C\CH583EVT\EVT\EXAM\BLE\LIB\libCH58xBLE.a(gap_central.o)
                0x0000000000006b18                gapCentProcessConnEvt
 .text.gapProcessScanningPeriodicAdvEvt
                0x0000000000006c80       0xa0 c:\Project\C\CH583EVT\EVT\EXAM\BLE\LIB\libCH58xBLE.a(gap_central.o)
                0x0000000000006c80                gapProcessScanningPeriodicAdvEvt
 .text.gapCancelLinkReq
                0x0000000000006d20       0x38 c:\Project\C\CH583EVT\EVT\EXAM\BLE\LIB\libCH58xBLE.a(gap_central.o)
                0x0000000000006d20                gapCancelLinkReq
 .text.gapProcessAdvertDevInfo
                0x0000000000006d58      0x242 c:\Project\C\CH583EVT\EVT\EXAM\BLE\LIB\libCH58xBLE.a(gap_central.o)
                0x0000000000006d58                gapProcessAdvertDevInfo
 .text.gapProcessExtAdvertDevInfo
                0x0000000000006f9a      0x260 c:\Project\C\CH583EVT\EVT\EXAM\BLE\LIB\libCH58xBLE.a(gap_central.o)
                0x0000000000006f9a                gapProcessExtAdvertDevInfo
 .text.gapProcessPeriodicAdvertisingSyncEstablishedEvt
                0x00000000000071fa       0xae c:\Project\C\CH583EVT\EVT\EXAM\BLE\LIB\libCH58xBLE.a(gap_central.o)
                0x00000000000071fa                gapProcessPeriodicAdvertisingSyncEstablishedEvt
 .text.gapProcessPeriodicAdvertisingSyncLostEvt
                0x00000000000072a8       0x56 c:\Project\C\CH583EVT\EVT\EXAM\BLE\LIB\libCH58xBLE.a(gap_central.o)
                0x00000000000072a8                gapProcessPeriodicAdvertisingSyncLostEvt
 .text.gapFreeScanRecs
                0x00000000000072fe       0xa6 c:\Project\C\CH583EVT\EVT\EXAM\BLE\LIB\libCH58xBLE.a(gap_central.o)
                0x00000000000072fe                gapFreeScanRecs
 .text.gapSendDevDiscEvent
                0x00000000000073a4      0x124 c:\Project\C\CH583EVT\EVT\EXAM\BLE\LIB\libCH58xBLE.a(gap_central.o)
                0x00000000000073a4                gapSendDevDiscEvent
 .text.gapSetScanParamStatus
                0x00000000000074c8       0x56 c:\Project\C\CH583EVT\EVT\EXAM\BLE\LIB\libCH58xBLE.a(gap_central.o)
 .text.gapCentProcessHCICmdEvt
                0x000000000000751e       0x3c c:\Project\C\CH583EVT\EVT\EXAM\BLE\LIB\libCH58xBLE.a(gap_central.o)
                0x000000000000751e                gapCentProcessHCICmdEvt
 .text.gapProcessScanningEvt
                0x000000000000755a      0x10e c:\Project\C\CH583EVT\EVT\EXAM\BLE\LIB\libCH58xBLE.a(gap_central.o)
                0x000000000000755a                gapProcessScanningEvt
 .text.gapProcessScanningDirectEvt
                0x0000000000007668       0xfe c:\Project\C\CH583EVT\EVT\EXAM\BLE\LIB\libCH58xBLE.a(gap_central.o)
                0x0000000000007668                gapProcessScanningDirectEvt
 .text.gapProcessScanningExtAdvEvt
                0x0000000000007766      0x2c4 c:\Project\C\CH583EVT\EVT\EXAM\BLE\LIB\libCH58xBLE.a(gap_central.o)
                0x0000000000007766                gapProcessScanningExtAdvEvt
 .text.GAP_CentConnRegister
                0x0000000000007a2a       0x16 c:\Project\C\CH583EVT\EVT\EXAM\BLE\LIB\libCH58xBLE.a(gap_central.o)
                0x0000000000007a2a                GAP_CentConnRegister
 .text.GAP_CentralParamInit
                0x0000000000007a40       0x6a c:\Project\C\CH583EVT\EVT\EXAM\BLE\LIB\libCH58xBLE.a(gap_central.o)
                0x0000000000007a40                GAP_CentralParamInit
 .text.GAP_CentDevMgrInit
                0x0000000000007aaa       0x9c c:\Project\C\CH583EVT\EVT\EXAM\BLE\LIB\libCH58xBLE.a(gap_central.o)
                0x0000000000007aaa                GAP_CentDevMgrInit
 .text.gapFreeAdvertState
                0x0000000000007b46       0x20 c:\Project\C\CH583EVT\EVT\EXAM\BLE\LIB\libCH58xBLE.a(gap_peripheral.o)
 .text.gapSetPeriodicAdvParams
                0x0000000000007b66       0x30 c:\Project\C\CH583EVT\EVT\EXAM\BLE\LIB\libCH58xBLE.a(gap_peripheral.o)
 .text.gapSetConnectionlessCTEParams
                0x0000000000007b96       0x54 c:\Project\C\CH583EVT\EVT\EXAM\BLE\LIB\libCH58xBLE.a(gap_peripheral.o)
 .text.gapSetAdvParams
                0x0000000000007bea      0x126 c:\Project\C\CH583EVT\EVT\EXAM\BLE\LIB\libCH58xBLE.a(gap_peripheral.o)
 .text.gapPeriProcessConnEvt
                0x0000000000007d10       0xd0 c:\Project\C\CH583EVT\EVT\EXAM\BLE\LIB\libCH58xBLE.a(gap_peripheral.o)
 .text.gapWriteAdvDataStatus
                0x0000000000007de0       0x8a c:\Project\C\CH583EVT\EVT\EXAM\BLE\LIB\libCH58xBLE.a(gap_peripheral.o)
 .text.GAP_MakeDiscoverable
                0x0000000000007e6a      0x174 c:\Project\C\CH583EVT\EVT\EXAM\BLE\LIB\libCH58xBLE.a(gap_peripheral.o)
                0x0000000000007e6a                GAP_MakeDiscoverable
 .text.GAP_EndDiscoverable
                0x0000000000007fde       0x66 c:\Project\C\CH583EVT\EVT\EXAM\BLE\LIB\libCH58xBLE.a(gap_peripheral.o)
                0x0000000000007fde                GAP_EndDiscoverable
 .text.gapProcessAdvertisingEvt
                0x0000000000008044      0x116 c:\Project\C\CH583EVT\EVT\EXAM\BLE\LIB\libCH58xBLE.a(gap_peripheral.o)
 .text.GAP_MakePeriodic
                0x000000000000815a       0x26 c:\Project\C\CH583EVT\EVT\EXAM\BLE\LIB\libCH58xBLE.a(gap_peripheral.o)
                0x000000000000815a                GAP_MakePeriodic
 .text.GAP_EndPeriodic
                0x0000000000008180        0xc c:\Project\C\CH583EVT\EVT\EXAM\BLE\LIB\libCH58xBLE.a(gap_peripheral.o)
                0x0000000000008180                GAP_EndPeriodic
 .text.GAP_MakeConnecttionlessCTE
                0x000000000000818c       0x1a c:\Project\C\CH583EVT\EVT\EXAM\BLE\LIB\libCH58xBLE.a(gap_peripheral.o)
                0x000000000000818c                GAP_MakeConnecttionlessCTE
 .text.GAP_EndConnecttionlessCTE
                0x00000000000081a6        0xc c:\Project\C\CH583EVT\EVT\EXAM\BLE\LIB\libCH58xBLE.a(gap_peripheral.o)
                0x00000000000081a6                GAP_EndConnecttionlessCTE
 .text.GAP_SetAdvertisingAdvData
                0x00000000000081b2      0x102 c:\Project\C\CH583EVT\EVT\EXAM\BLE\LIB\libCH58xBLE.a(gap_peripheral.o)
                0x00000000000081b2                GAP_SetAdvertisingAdvData
 .text.GAP_SetAdvertisingRspData
                0x00000000000082b4      0x102 c:\Project\C\CH583EVT\EVT\EXAM\BLE\LIB\libCH58xBLE.a(gap_peripheral.o)
                0x00000000000082b4                GAP_SetAdvertisingRspData
 .text.GAP_SetPeriodicAdvertisingData
                0x00000000000083b6       0xc6 c:\Project\C\CH583EVT\EVT\EXAM\BLE\LIB\libCH58xBLE.a(gap_peripheral.o)
                0x00000000000083b6                GAP_SetPeriodicAdvertisingData
 .text.GAP_GetAdvertisingAdvData
                0x000000000000847c       0x26 c:\Project\C\CH583EVT\EVT\EXAM\BLE\LIB\libCH58xBLE.a(gap_peripheral.o)
                0x000000000000847c                GAP_GetAdvertisingAdvData
 .text.GAP_GetAdvertisingRspData
                0x00000000000084a2       0x34 c:\Project\C\CH583EVT\EVT\EXAM\BLE\LIB\libCH58xBLE.a(gap_peripheral.o)
                0x00000000000084a2                GAP_GetAdvertisingRspData
 .text.GAP_GetPeriodicAdvertisingData
                0x00000000000084d6       0x34 c:\Project\C\CH583EVT\EVT\EXAM\BLE\LIB\libCH58xBLE.a(gap_peripheral.o)
                0x00000000000084d6                GAP_GetPeriodicAdvertisingData
 .text.GAP_PeriConnRegister
                0x000000000000850a       0x2e c:\Project\C\CH583EVT\EVT\EXAM\BLE\LIB\libCH58xBLE.a(gap_peripheral.o)
                0x000000000000850a                GAP_PeriConnRegister
 .text.GAP_PeripheralParamInit
                0x0000000000008538       0x6c c:\Project\C\CH583EVT\EVT\EXAM\BLE\LIB\libCH58xBLE.a(gap_peripheral.o)
                0x0000000000008538                GAP_PeripheralParamInit
 .text.gapSendMakeDiscEvent
                0x00000000000085a4       0x50 c:\Project\C\CH583EVT\EVT\EXAM\BLE\LIB\libCH58xBLE.a(gap_peripheral.o)
                0x00000000000085a4                gapSendMakeDiscEvent
 .text.gapWriteAdvEnableStatus
                0x00000000000085f4      0x10e c:\Project\C\CH583EVT\EVT\EXAM\BLE\LIB\libCH58xBLE.a(gap_peripheral.o)
 .text.gapSendMakePeriodicEvent
                0x0000000000008702       0x3a c:\Project\C\CH583EVT\EVT\EXAM\BLE\LIB\libCH58xBLE.a(gap_peripheral.o)
                0x0000000000008702                gapSendMakePeriodicEvent
 .text.gapSendMakeConnectionlessCTEEvent
                0x000000000000873c       0x3a c:\Project\C\CH583EVT\EVT\EXAM\BLE\LIB\libCH58xBLE.a(gap_peripheral.o)
                0x000000000000873c                gapSendMakeConnectionlessCTEEvent
 .text.gapPeriProcessHCICmdCompleteEvt
                0x0000000000008776      0x22e c:\Project\C\CH583EVT\EVT\EXAM\BLE\LIB\libCH58xBLE.a(gap_peripheral.o)
 .text.GAP_PeriDevMgrInit
                0x00000000000089a4       0x2e c:\Project\C\CH583EVT\EVT\EXAM\BLE\LIB\libCH58xBLE.a(gap_peripheral.o)
                0x00000000000089a4                GAP_PeriDevMgrInit
 .text.ggs_SetAttrWPermit
                0x00000000000089d2       0x68 c:\Project\C\CH583EVT\EVT\EXAM\BLE\LIB\libCH58xBLE.a(gapgattserver.o)
 .text.ggs_ReadAttrCB
                0x0000000000008a3a      0x156 c:\Project\C\CH583EVT\EVT\EXAM\BLE\LIB\libCH58xBLE.a(gapgattserver.o)
 .text.ggs_WriteAttrCB
                0x0000000000008b90      0x162 c:\Project\C\CH583EVT\EVT\EXAM\BLE\LIB\libCH58xBLE.a(gapgattserver.o)
 .text.GGS_ParamInit
                0x0000000000008cf2      0x15c c:\Project\C\CH583EVT\EVT\EXAM\BLE\LIB\libCH58xBLE.a(gapgattserver.o)
                0x0000000000008cf2                GGS_ParamInit
 .text.GGS_SetParameter
                0x0000000000008e4e      0x116 c:\Project\C\CH583EVT\EVT\EXAM\BLE\LIB\libCH58xBLE.a(gapgattserver.o)
                0x0000000000008e4e                GGS_SetParameter
 .text.GGS_AddService
                0x0000000000008f64       0x2c c:\Project\C\CH583EVT\EVT\EXAM\BLE\LIB\libCH58xBLE.a(gapgattserver.o)
                0x0000000000008f64                GGS_AddService
 .text.GAP_DeviceInit
                0x0000000000008f90       0xd8 c:\Project\C\CH583EVT\EVT\EXAM\BLE\LIB\libCH58xBLE.a(gapgattserver.o)
                0x0000000000008f90                GAP_DeviceInit
 .text.gattGetPayload
                0x0000000000009068       0x7e c:\Project\C\CH583EVT\EVT\EXAM\BLE\LIB\libCH58xBLE.a(gatt.o)
                0x0000000000009068                gattGetPayload
 .text.gattNotifyEvent
                0x00000000000090e6       0x84 c:\Project\C\CH583EVT\EVT\EXAM\BLE\LIB\libCH58xBLE.a(gatt.o)
                0x00000000000090e6                gattNotifyEvent
 .text.gattSendFlowCtrlEvt
                0x000000000000916a       0x50 c:\Project\C\CH583EVT\EVT\EXAM\BLE\LIB\libCH58xBLE.a(gatt.o)
                0x000000000000916a                gattSendFlowCtrlEvt
 .text.gattStartTimer
                0x00000000000091ba        0xc c:\Project\C\CH583EVT\EVT\EXAM\BLE\LIB\libCH58xBLE.a(gatt.o)
                0x00000000000091ba                gattStartTimer
 .text.gattStopTimer
                0x00000000000091c6       0x32 c:\Project\C\CH583EVT\EVT\EXAM\BLE\LIB\libCH58xBLE.a(gatt.o)
                0x00000000000091c6                gattStopTimer
 .text.GATT_AppCompletedMsg
                0x00000000000091f8       0x30 c:\Project\C\CH583EVT\EVT\EXAM\BLE\LIB\libCH58xBLE.a(gatt.o)
                0x00000000000091f8                GATT_AppCompletedMsg
 .text.GATT_NotifyEvent
                0x0000000000009228       0x56 c:\Project\C\CH583EVT\EVT\EXAM\BLE\LIB\libCH58xBLE.a(gatt.o)
                0x0000000000009228                GATT_NotifyEvent
 .text.gattRegisterServer
                0x000000000000927e        0x6 c:\Project\C\CH583EVT\EVT\EXAM\BLE\LIB\libCH58xBLE.a(gatt.o)
                0x000000000000927e                gattRegisterServer
 .text.GATT_UpdateMTU
                0x0000000000009284       0x5a c:\Project\C\CH583EVT\EVT\EXAM\BLE\LIB\libCH58xBLE.a(gatt.o)
                0x0000000000009284                GATT_UpdateMTU
 .text.GATT_bm_alloc
                0x00000000000092de       0xe8 c:\Project\C\CH583EVT\EVT\EXAM\BLE\LIB\libCH58xBLE.a(gatt.o)
                0x00000000000092de                GATT_bm_alloc
 .text.GATT_ServiceChangedInd
                0x00000000000093c6       0x94 c:\Project\C\CH583EVT\EVT\EXAM\BLE\LIB\libCH58xBLE.a(gatt.o)
                0x00000000000093c6                GATT_ServiceChangedInd
 .text.GATT_bm_free
                0x000000000000945a       0x1c c:\Project\C\CH583EVT\EVT\EXAM\BLE\LIB\libCH58xBLE.a(gatt.o)
                0x000000000000945a                GATT_bm_free
 .text.GATT_Init
                0x0000000000009476       0x2a c:\Project\C\CH583EVT\EVT\EXAM\BLE\LIB\libCH58xBLE.a(gatt.o)
                0x0000000000009476                GATT_Init
 .text.GATT_ProcessEvent
                0x00000000000094a0      0x13a c:\Project\C\CH583EVT\EVT\EXAM\BLE\LIB\libCH58xBLE.a(gatt.o)
                0x00000000000094a0                GATT_ProcessEvent
 .text.gattProcessExchangeMTUReq
                0x00000000000095da        0x4 c:\Project\C\CH583EVT\EVT\EXAM\BLE\LIB\libCH58xBLE.a(gattservapp.o)
 .text.gattServApp_FindCharCfgItem
                0x00000000000095de       0x24 c:\Project\C\CH583EVT\EVT\EXAM\BLE\LIB\libCH58xBLE.a(gattservapp.o)
 .text.gattServerHandleTimerCB
                0x0000000000009602       0x3c c:\Project\C\CH583EVT\EVT\EXAM\BLE\LIB\libCH58xBLE.a(gattservapp.o)
 .text.GATTServApp_InitCharCfg.part.12
                0x000000000000963e       0x20 c:\Project\C\CH583EVT\EVT\EXAM\BLE\LIB\libCH58xBLE.a(gattservapp.o)
 .text.gattProcessExecuteWriteReq
                0x000000000000965e        0x4 c:\Project\C\CH583EVT\EVT\EXAM\BLE\LIB\libCH58xBLE.a(gattservapp.o)
 .text.GATTServApp_ParamInit
                0x0000000000009662       0xd6 c:\Project\C\CH583EVT\EVT\EXAM\BLE\LIB\libCH58xBLE.a(gattservapp.o)
                0x0000000000009662                GATTServApp_ParamInit
 .text.GATTServApp_ReadCharCfg
                0x0000000000009738       0x18 c:\Project\C\CH583EVT\EVT\EXAM\BLE\LIB\libCH58xBLE.a(gattservapp.o)
                0x0000000000009738                GATTServApp_ReadCharCfg
 .text.GATTServApp_WriteCharCfg
                0x0000000000009750       0x3c c:\Project\C\CH583EVT\EVT\EXAM\BLE\LIB\libCH58xBLE.a(gattservapp.o)
                0x0000000000009750                GATTServApp_WriteCharCfg
 .text.GATTServApp_ProcessCCCWriteReq
                0x000000000000978c       0x60 c:\Project\C\CH583EVT\EVT\EXAM\BLE\LIB\libCH58xBLE.a(gattservapp.o)
                0x000000000000978c                GATTServApp_ProcessCCCWriteReq
 .text.gattServApp_WriteAttrCB
                0x00000000000097ec       0x34 c:\Project\C\CH583EVT\EVT\EXAM\BLE\LIB\libCH58xBLE.a(gattservapp.o)
                0x00000000000097ec                gattServApp_WriteAttrCB
 .text.GATTServApp_SendCCCUpdatedEvent
                0x0000000000009820       0x5e c:\Project\C\CH583EVT\EVT\EXAM\BLE\LIB\libCH58xBLE.a(gattservapp.o)
                0x0000000000009820                GATTServApp_SendCCCUpdatedEvent
 .text.GATTServApp_SendServiceChangedInd
                0x000000000000987e       0x36 c:\Project\C\CH583EVT\EVT\EXAM\BLE\LIB\libCH58xBLE.a(gattservapp.o)
                0x000000000000987e                GATTServApp_SendServiceChangedInd
 .text.gattServApp_ClearPrepareWriteQ
                0x00000000000098b4       0x50 c:\Project\C\CH583EVT\EVT\EXAM\BLE\LIB\libCH58xBLE.a(gattservapp.o)
                0x00000000000098b4                gattServApp_ClearPrepareWriteQ
 .text.gattServApp_FindPrepareWriteQ
                0x0000000000009904       0x30 c:\Project\C\CH583EVT\EVT\EXAM\BLE\LIB\libCH58xBLE.a(gattservapp.o)
                0x0000000000009904                gattServApp_FindPrepareWriteQ
 .text.gattServApp_FindServiceCBs
                0x0000000000009934       0x18 c:\Project\C\CH583EVT\EVT\EXAM\BLE\LIB\libCH58xBLE.a(gattservapp.o)
                0x0000000000009934                gattServApp_FindServiceCBs
 .text.gattServApp_FindAuthorizeAttrCB
                0x000000000000994c       0x14 c:\Project\C\CH583EVT\EVT\EXAM\BLE\LIB\libCH58xBLE.a(gattservapp.o)
                0x000000000000994c                gattServApp_FindAuthorizeAttrCB
 .text.gattServApp_IsWriteLong
                0x0000000000009960       0xea c:\Project\C\CH583EVT\EVT\EXAM\BLE\LIB\libCH58xBLE.a(gattservapp.o)
                0x0000000000009960                gattServApp_IsWriteLong
 .text.gattFindService
                0x0000000000009a4a       0x1c c:\Project\C\CH583EVT\EVT\EXAM\BLE\LIB\libCH58xBLE.a(gattservapp.o)
                0x0000000000009a4a                gattFindService
 .text.GATT_ServiceNumAttrs
                0x0000000000009a66       0x16 c:\Project\C\CH583EVT\EVT\EXAM\BLE\LIB\libCH58xBLE.a(gattservapp.o)
                0x0000000000009a66                GATT_ServiceNumAttrs
 .text.GATT_ServiceEncKeySize
                0x0000000000009a7c       0x16 c:\Project\C\CH583EVT\EVT\EXAM\BLE\LIB\libCH58xBLE.a(gattservapp.o)
                0x0000000000009a7c                GATT_ServiceEncKeySize
 .text.GATT_VerifyWritePermissions.part.7
                0x0000000000009a92       0x2c c:\Project\C\CH583EVT\EVT\EXAM\BLE\LIB\libCH58xBLE.a(gattservapp.o)
 .text.gattResetServerInfo
                0x0000000000009abe       0x1c c:\Project\C\CH583EVT\EVT\EXAM\BLE\LIB\libCH58xBLE.a(gattservapp.o)
                0x0000000000009abe                gattResetServerInfo
 .text.gattFindServerInfo
                0x0000000000009ada       0x2c c:\Project\C\CH583EVT\EVT\EXAM\BLE\LIB\libCH58xBLE.a(gattservapp.o)
                0x0000000000009ada                gattFindServerInfo
 .text.gattServerHandleConnStatusCB
                0x0000000000009b06       0x98 c:\Project\C\CH583EVT\EVT\EXAM\BLE\LIB\libCH58xBLE.a(gattservapp.o)
                0x0000000000009b06                gattServerHandleConnStatusCB
 .text.gattServerProcessMsgCB
                0x0000000000009b9e      0x1c0 c:\Project\C\CH583EVT\EVT\EXAM\BLE\LIB\libCH58xBLE.a(gattservapp.o)
                0x0000000000009b9e                gattServerProcessMsgCB
 .text.gattServerNotifyTxCB
                0x0000000000009d5e       0x28 c:\Project\C\CH583EVT\EVT\EXAM\BLE\LIB\libCH58xBLE.a(gattservapp.o)
 .text.GATT_FindHandle
                0x0000000000009d86       0x4a c:\Project\C\CH583EVT\EVT\EXAM\BLE\LIB\libCH58xBLE.a(gattservapp.o)
                0x0000000000009d86                GATT_FindHandle
 .text.GATTServApp_WriteAttr
                0x0000000000009dd0       0xa8 c:\Project\C\CH583EVT\EVT\EXAM\BLE\LIB\libCH58xBLE.a(gattservapp.o)
                0x0000000000009dd0                GATTServApp_WriteAttr
 .text.gattServApp_ProcessExecuteWriteReq
                0x0000000000009e78      0x100 c:\Project\C\CH583EVT\EVT\EXAM\BLE\LIB\libCH58xBLE.a(gattservapp.o)
                0x0000000000009e78                gattServApp_ProcessExecuteWriteReq
 .text.GATTServApp_UpdateCharCfg
                0x0000000000009f78       0x1e c:\Project\C\CH583EVT\EVT\EXAM\BLE\LIB\libCH58xBLE.a(gattservapp.o)
                0x0000000000009f78                GATTServApp_UpdateCharCfg
 .text.gattServApp_ProcessPrepareWriteReq
                0x0000000000009f96      0x10e c:\Project\C\CH583EVT\EVT\EXAM\BLE\LIB\libCH58xBLE.a(gattservapp.o)
                0x0000000000009f96                gattServApp_ProcessPrepareWriteReq
 .text.gattServApp_ProcessWriteReq
                0x000000000000a0a4       0xb0 c:\Project\C\CH583EVT\EVT\EXAM\BLE\LIB\libCH58xBLE.a(gattservapp.o)
                0x000000000000a0a4                gattServApp_ProcessWriteReq
 .text.GATT_Indication
                0x000000000000a154       0xa4 c:\Project\C\CH583EVT\EVT\EXAM\BLE\LIB\libCH58xBLE.a(gattservapp.o)
                0x000000000000a154                GATT_Indication
 .text.GATT_FindHandleUUID
                0x000000000000a1f8       0x94 c:\Project\C\CH583EVT\EVT\EXAM\BLE\LIB\libCH58xBLE.a(gattservapp.o)
                0x000000000000a1f8                GATT_FindHandleUUID
 .text.gattProcessReadByGrpTypeReq
                0x000000000000a28c       0x60 c:\Project\C\CH583EVT\EVT\EXAM\BLE\LIB\libCH58xBLE.a(gattservapp.o)
 .text.gattProcessReadByTypeReq
                0x000000000000a2ec       0x34 c:\Project\C\CH583EVT\EVT\EXAM\BLE\LIB\libCH58xBLE.a(gattservapp.o)
 .text.gattProcessFindByTypeValueReq
                0x000000000000a320       0x34 c:\Project\C\CH583EVT\EVT\EXAM\BLE\LIB\libCH58xBLE.a(gattservapp.o)
 .text.gattProcessFindInfoReq
                0x000000000000a354      0x1aa c:\Project\C\CH583EVT\EVT\EXAM\BLE\LIB\libCH58xBLE.a(gattservapp.o)
 .text.GATT_Notification
                0x000000000000a4fe       0x70 c:\Project\C\CH583EVT\EVT\EXAM\BLE\LIB\libCH58xBLE.a(gattservapp.o)
                0x000000000000a4fe                GATT_Notification
 .text.GATT_VerifyWritePermissions
                0x000000000000a56e       0x6a c:\Project\C\CH583EVT\EVT\EXAM\BLE\LIB\libCH58xBLE.a(gattservapp.o)
                0x000000000000a56e                GATT_VerifyWritePermissions
 .text.gattProcessWriteReq
                0x000000000000a5d8       0x36 c:\Project\C\CH583EVT\EVT\EXAM\BLE\LIB\libCH58xBLE.a(gattservapp.o)
 .text.GATT_VerifyPrepareWritePermissions
                0x000000000000a60e       0x56 c:\Project\C\CH583EVT\EVT\EXAM\BLE\LIB\libCH58xBLE.a(gattservapp.o)
                0x000000000000a60e                GATT_VerifyPrepareWritePermissions
 .text.gattProcessPrepareWriteReq
                0x000000000000a664       0x36 c:\Project\C\CH583EVT\EVT\EXAM\BLE\LIB\libCH58xBLE.a(gattservapp.o)
 .text.GATT_FindNextAttr
                0x000000000000a69a       0xc2 c:\Project\C\CH583EVT\EVT\EXAM\BLE\LIB\libCH58xBLE.a(gattservapp.o)
                0x000000000000a69a                GATT_FindNextAttr
 .text.GATTServApp_ReadAttr
                0x000000000000a75c      0x2ea c:\Project\C\CH583EVT\EVT\EXAM\BLE\LIB\libCH58xBLE.a(gattservapp.o)
                0x000000000000a75c                GATTServApp_ReadAttr
 .text.gattServApp_ProcessReadMultiReq
                0x000000000000aa46      0x16e c:\Project\C\CH583EVT\EVT\EXAM\BLE\LIB\libCH58xBLE.a(gattservapp.o)
                0x000000000000aa46                gattServApp_ProcessReadMultiReq
 .text.gattServApp_ProcessFindByTypeValueReq
                0x000000000000abb4      0x1a0 c:\Project\C\CH583EVT\EVT\EXAM\BLE\LIB\libCH58xBLE.a(gattservapp.o)
                0x000000000000abb4                gattServApp_ProcessFindByTypeValueReq
 .text.GATT_VerifyReadPermissions
                0x000000000000ad54       0x68 c:\Project\C\CH583EVT\EVT\EXAM\BLE\LIB\libCH58xBLE.a(gattservapp.o)
                0x000000000000ad54                GATT_VerifyReadPermissions
 .text.gattProcessReadMultiReq
                0x000000000000adbc       0xae c:\Project\C\CH583EVT\EVT\EXAM\BLE\LIB\libCH58xBLE.a(gattservapp.o)
 .text.gattProcessReadReq
                0x000000000000ae6a       0x30 c:\Project\C\CH583EVT\EVT\EXAM\BLE\LIB\libCH58xBLE.a(gattservapp.o)
 .text.gattServApp_ProcessReadByGrpTypeReq
                0x000000000000ae9a      0x200 c:\Project\C\CH583EVT\EVT\EXAM\BLE\LIB\libCH58xBLE.a(gattservapp.o)
                0x000000000000ae9a                gattServApp_ProcessReadByGrpTypeReq
 .text.gattServApp_ProcessReadByTypeReq
                0x000000000000b09a      0x1ae c:\Project\C\CH583EVT\EVT\EXAM\BLE\LIB\libCH58xBLE.a(gattservapp.o)
                0x000000000000b09a                gattServApp_ProcessReadByTypeReq
 .text.GATT_RegisterService
                0x000000000000b248      0x100 c:\Project\C\CH583EVT\EVT\EXAM\BLE\LIB\libCH58xBLE.a(gattservapp.o)
                0x000000000000b248                GATT_RegisterService
 .text.GATTServApp_RegisterService
                0x000000000000b348       0x7c c:\Project\C\CH583EVT\EVT\EXAM\BLE\LIB\libCH58xBLE.a(gattservapp.o)
                0x000000000000b348                GATTServApp_RegisterService
 .text.GATTServApp_AddService
                0x000000000000b3c4       0x2c c:\Project\C\CH583EVT\EVT\EXAM\BLE\LIB\libCH58xBLE.a(gattservapp.o)
                0x000000000000b3c4                GATTServApp_AddService
 .text.GATTServApp_RegisterForMsg
                0x000000000000b3f0        0x6 c:\Project\C\CH583EVT\EVT\EXAM\BLE\LIB\libCH58xBLE.a(gattservapp.o)
                0x000000000000b3f0                GATTServApp_RegisterForMsg
 .text.GATTServApp_InitCharCfg
                0x000000000000b3f6       0x28 c:\Project\C\CH583EVT\EVT\EXAM\BLE\LIB\libCH58xBLE.a(gattservapp.o)
                0x000000000000b3f6                GATTServApp_InitCharCfg
 .text.gattServApp_HandleConnStatusCB
                0x000000000000b41e       0x74 c:\Project\C\CH583EVT\EVT\EXAM\BLE\LIB\libCH58xBLE.a(gattservapp.o)
                0x000000000000b41e                gattServApp_HandleConnStatusCB
 .text.GATT_InitServer
                0x000000000000b492       0xfa c:\Project\C\CH583EVT\EVT\EXAM\BLE\LIB\libCH58xBLE.a(gattservapp.o)
                0x000000000000b492                GATT_InitServer
 .text.GATTServApp_Init
                0x000000000000b58c       0x34 c:\Project\C\CH583EVT\EVT\EXAM\BLE\LIB\libCH58xBLE.a(gattservapp.o)
                0x000000000000b58c                GATTServApp_Init
 .text.GATTServApp_ProcessEvent
                0x000000000000b5c0      0x36a c:\Project\C\CH583EVT\EVT\EXAM\BLE\LIB\libCH58xBLE.a(gattservapp.o)
                0x000000000000b5c0                GATTServApp_ProcessEvent
 .text.l2capAllocConnChannel
                0x000000000000b92a       0xdc c:\Project\C\CH583EVT\EVT\EXAM\BLE\LIB\libCH58xBLE.a(l2cap.o)
                0x000000000000b92a                l2capAllocConnChannel
 .text.l2capFindLocalCID
                0x000000000000ba06       0x2c c:\Project\C\CH583EVT\EVT\EXAM\BLE\LIB\libCH58xBLE.a(l2cap.o)
                0x000000000000ba06                l2capFindLocalCID
 .text.l2capFindLocalId
                0x000000000000ba32       0x30 c:\Project\C\CH583EVT\EVT\EXAM\BLE\LIB\libCH58xBLE.a(l2cap.o)
                0x000000000000ba32                l2capFindLocalId
 .text.l2capFindPsm
                0x000000000000ba62       0x2c c:\Project\C\CH583EVT\EVT\EXAM\BLE\LIB\libCH58xBLE.a(l2cap.o)
                0x000000000000ba62                l2capFindPsm
 .text.l2capFindRemoteCID
                0x000000000000ba8e       0x3c c:\Project\C\CH583EVT\EVT\EXAM\BLE\LIB\libCH58xBLE.a(l2cap.o)
                0x000000000000ba8e                l2capFindRemoteCID
 .text.l2capFreeChannel
                0x000000000000baca       0x4e c:\Project\C\CH583EVT\EVT\EXAM\BLE\LIB\libCH58xBLE.a(l2cap.o)
                0x000000000000baca                l2capFreeChannel
 .text.l2capDisconnectChannel
                0x000000000000bb18       0x28 c:\Project\C\CH583EVT\EVT\EXAM\BLE\LIB\libCH58xBLE.a(l2cap.o)
                0x000000000000bb18                l2capDisconnectChannel
 .text.l2capHandleTimerCB
                0x000000000000bb40       0x2c c:\Project\C\CH583EVT\EVT\EXAM\BLE\LIB\libCH58xBLE.a(l2cap.o)
                0x000000000000bb40                l2capHandleTimerCB
 .text.l2capFreePendingPkt
                0x000000000000bb6c       0x58 c:\Project\C\CH583EVT\EVT\EXAM\BLE\LIB\libCH58xBLE.a(l2cap.o)
                0x000000000000bb6c                l2capFreePendingPkt
 .text.l2capGetCoChannelInfo
                0x000000000000bbc4       0x82 c:\Project\C\CH583EVT\EVT\EXAM\BLE\LIB\libCH58xBLE.a(l2cap.o)
                0x000000000000bbc4                l2capGetCoChannelInfo
 .text.l2capNumActiveChannnels
                0x000000000000bc46       0x44 c:\Project\C\CH583EVT\EVT\EXAM\BLE\LIB\libCH58xBLE.a(l2cap.o)
                0x000000000000bc46                l2capNumActiveChannnels
 .text.l2capStartTimer
                0x000000000000bc8a       0x1a c:\Project\C\CH583EVT\EVT\EXAM\BLE\LIB\libCH58xBLE.a(l2cap.o)
                0x000000000000bc8a                l2capStartTimer
 .text.l2capStopTimer
                0x000000000000bca4       0x1e c:\Project\C\CH583EVT\EVT\EXAM\BLE\LIB\libCH58xBLE.a(l2cap.o)
                0x000000000000bca4                l2capStopTimer
 .text.l2capDisconnectAllChannels
                0x000000000000bcc2       0xdc c:\Project\C\CH583EVT\EVT\EXAM\BLE\LIB\libCH58xBLE.a(l2cap.o)
                0x000000000000bcc2                l2capDisconnectAllChannels
 .text.l2capHandleConnStatusCB
                0x000000000000bd9e       0x3c c:\Project\C\CH583EVT\EVT\EXAM\BLE\LIB\libCH58xBLE.a(l2cap.o)
                0x000000000000bd9e                l2capHandleConnStatusCB
 .text.l2capHandleRxError
                0x000000000000bdda        0x6 c:\Project\C\CH583EVT\EVT\EXAM\BLE\LIB\libCH58xBLE.a(l2cap.o)
                0x000000000000bdda                l2capHandleRxError
 .text.L2CAP_GetMTU
                0x000000000000bde0        0x6 c:\Project\C\CH583EVT\EVT\EXAM\BLE\LIB\libCH58xBLE.a(l2cap.o)
                0x000000000000bde0                L2CAP_GetMTU
 .text.L2CAP_HostNumCompletedPkts
                0x000000000000bde6       0x28 c:\Project\C\CH583EVT\EVT\EXAM\BLE\LIB\libCH58xBLE.a(l2cap.o)
                0x000000000000bde6                L2CAP_HostNumCompletedPkts
 .text.L2CAP_ParseConnectReq
                0x000000000000be0e       0x5e c:\Project\C\CH583EVT\EVT\EXAM\BLE\LIB\libCH58xBLE.a(l2cap.o)
                0x000000000000be0e                L2CAP_ParseConnectReq
 .text.L2CAP_ParseFlowCtrlCredit
                0x000000000000be6c       0x2e c:\Project\C\CH583EVT\EVT\EXAM\BLE\LIB\libCH58xBLE.a(l2cap.o)
                0x000000000000be6c                L2CAP_ParseFlowCtrlCredit
 .text.L2CAP_RegisterApp
                0x000000000000be9a       0x30 c:\Project\C\CH583EVT\EVT\EXAM\BLE\LIB\libCH58xBLE.a(l2cap.o)
                0x000000000000be9a                L2CAP_RegisterApp
 .text.L2CAP_SetBufSize
                0x000000000000beca       0x1e c:\Project\C\CH583EVT\EVT\EXAM\BLE\LIB\libCH58xBLE.a(l2cap.o)
                0x000000000000beca                L2CAP_SetBufSize
 .text.L2CAP_bm_alloc
                0x000000000000bee8       0x2a c:\Project\C\CH583EVT\EVT\EXAM\BLE\LIB\libCH58xBLE.a(l2cap.o)
                0x000000000000bee8                L2CAP_bm_alloc
 .text.L2CAP_Init
                0x000000000000bf12      0x142 c:\Project\C\CH583EVT\EVT\EXAM\BLE\LIB\libCH58xBLE.a(l2cap.o)
                0x000000000000bf12                L2CAP_Init
 .text.L2CAP_ProcessEvent
                0x000000000000c054       0xc8 c:\Project\C\CH583EVT\EVT\EXAM\BLE\LIB\libCH58xBLE.a(l2cap.o)
                0x000000000000c054                L2CAP_ProcessEvent
 .text.l2capParseCmdReject
                0x000000000000c11c       0x5e c:\Project\C\CH583EVT\EVT\EXAM\BLE\LIB\libCH58xBLE.a(l2cap_input.o)
                0x000000000000c11c                l2capParseCmdReject
 .text.l2capParseDisconnectReq
                0x000000000000c17a       0x2e c:\Project\C\CH583EVT\EVT\EXAM\BLE\LIB\libCH58xBLE.a(l2cap_input.o)
                0x000000000000c17a                l2capParseDisconnectReq
 .text.l2capParseDisconnectRsp
                0x000000000000c1a8       0x2e c:\Project\C\CH583EVT\EVT\EXAM\BLE\LIB\libCH58xBLE.a(l2cap_input.o)
                0x000000000000c1a8                l2capParseDisconnectRsp
 .text.L2CAP_ParseParamUpdateReq
                0x000000000000c1d6       0x4e c:\Project\C\CH583EVT\EVT\EXAM\BLE\LIB\libCH58xBLE.a(l2cap_input.o)
                0x000000000000c1d6                L2CAP_ParseParamUpdateReq
 .text.l2capParseParamUpdateRsp
                0x000000000000c224       0x1e c:\Project\C\CH583EVT\EVT\EXAM\BLE\LIB\libCH58xBLE.a(l2cap_input.o)
                0x000000000000c224                l2capParseParamUpdateRsp
 .text.l2capProcessConnectReq
                0x000000000000c242       0xfc c:\Project\C\CH583EVT\EVT\EXAM\BLE\LIB\libCH58xBLE.a(l2cap_input.o)
                0x000000000000c242                l2capProcessConnectReq
 .text.l2capParseConnectRsp
                0x000000000000c33e       0x5e c:\Project\C\CH583EVT\EVT\EXAM\BLE\LIB\libCH58xBLE.a(l2cap_input.o)
                0x000000000000c33e                l2capParseConnectRsp
 .text.l2capParseSignalHdr
                0x000000000000c39c       0x22 c:\Project\C\CH583EVT\EVT\EXAM\BLE\LIB\libCH58xBLE.a(l2cap_input.o)
                0x000000000000c39c                l2capParseSignalHdr
 .text.l2capParsePacket
                0x000000000000c3be       0x8c c:\Project\C\CH583EVT\EVT\EXAM\BLE\LIB\libCH58xBLE.a(l2cap_input.o)
                0x000000000000c3be                l2capParsePacket
 .text.l2capProcessReq
                0x000000000000c44a      0x15a c:\Project\C\CH583EVT\EVT\EXAM\BLE\LIB\libCH58xBLE.a(l2cap_input.o)
                0x000000000000c44a                l2capProcessReq
 .text.l2capProcessRsp
                0x000000000000c5a4      0x150 c:\Project\C\CH583EVT\EVT\EXAM\BLE\LIB\libCH58xBLE.a(l2cap_input.o)
                0x000000000000c5a4                l2capProcessRsp
 .text.l2capProcessRxData
                0x000000000000c6f4       0xf8 c:\Project\C\CH583EVT\EVT\EXAM\BLE\LIB\libCH58xBLE.a(l2cap_input.o)
                0x000000000000c6f4                l2capProcessRxData
 .text.l2capNotifyData
                0x000000000000c7ec       0x5e c:\Project\C\CH583EVT\EVT\EXAM\BLE\LIB\libCH58xBLE.a(l2cap_output.o)
                0x000000000000c7ec                l2capNotifyData
 .text.l2capNotifySignal
                0x000000000000c84a       0x7a c:\Project\C\CH583EVT\EVT\EXAM\BLE\LIB\libCH58xBLE.a(l2cap_output.o)
                0x000000000000c84a                l2capNotifySignal
 .text.l2capNotifyCreditEvt
                0x000000000000c8c4       0xa0 c:\Project\C\CH583EVT\EVT\EXAM\BLE\LIB\libCH58xBLE.a(l2cap_output.o)
                0x000000000000c8c4                l2capNotifyCreditEvt
 .text.l2capNotifyChannelEstEvt
                0x000000000000c964       0x5c c:\Project\C\CH583EVT\EVT\EXAM\BLE\LIB\libCH58xBLE.a(l2cap_output.o)
                0x000000000000c964                l2capNotifyChannelEstEvt
 .text.l2capNotifyChannelTermEvt
                0x000000000000c9c0       0x3e c:\Project\C\CH583EVT\EVT\EXAM\BLE\LIB\libCH58xBLE.a(l2cap_output.o)
                0x000000000000c9c0                l2capNotifyChannelTermEvt
 .text.l2capNotifyEvent
                0x000000000000c9fe       0x66 c:\Project\C\CH583EVT\EVT\EXAM\BLE\LIB\libCH58xBLE.a(l2cap_output.o)
                0x000000000000c9fe                l2capNotifyEvent
 .text.l2capStoreFCPkt
                0x000000000000ca64       0x32 c:\Project\C\CH583EVT\EVT\EXAM\BLE\LIB\libCH58xBLE.a(l2cap_output.o)
                0x000000000000ca64                l2capStoreFCPkt
 .text.l2capFreeTxSDU
                0x000000000000ca96       0x9e c:\Project\C\CH583EVT\EVT\EXAM\BLE\LIB\libCH58xBLE.a(l2cap_output.o)
                0x000000000000ca96                l2capFreeTxSDU
 .text.l2capReassembleSegment
                0x000000000000cb34      0x174 c:\Project\C\CH583EVT\EVT\EXAM\BLE\LIB\libCH58xBLE.a(l2cap_output.o)
                0x000000000000cb34                l2capReassembleSegment
 .text.l2capEncapSendData
                0x000000000000cca8       0xec c:\Project\C\CH583EVT\EVT\EXAM\BLE\LIB\libCH58xBLE.a(l2cap_output.o)
                0x000000000000cca8                l2capEncapSendData
 .text.l2capSendFCPkt.part.3
                0x000000000000cd94       0x70 c:\Project\C\CH583EVT\EVT\EXAM\BLE\LIB\libCH58xBLE.a(l2cap_output.o)
 .text.l2capSendSegment
                0x000000000000ce04      0x108 c:\Project\C\CH583EVT\EVT\EXAM\BLE\LIB\libCH58xBLE.a(l2cap_output.o)
                0x000000000000ce04                l2capSendSegment
 .text.l2capSendNextSegment
                0x000000000000cf0c       0xb4 c:\Project\C\CH583EVT\EVT\EXAM\BLE\LIB\libCH58xBLE.a(l2cap_output.o)
                0x000000000000cf0c                l2capSendNextSegment
 .text.l2capSendPkt
                0x000000000000cfc0       0x3a c:\Project\C\CH583EVT\EVT\EXAM\BLE\LIB\libCH58xBLE.a(l2cap_output.o)
                0x000000000000cfc0                l2capSendPkt
 .text.L2CAP_SendData
                0x000000000000cffa       0x82 c:\Project\C\CH583EVT\EVT\EXAM\BLE\LIB\libCH58xBLE.a(l2cap_output.o)
                0x000000000000cffa                L2CAP_SendData
 .text.l2capSendCmd
                0x000000000000d07c       0x8a c:\Project\C\CH583EVT\EVT\EXAM\BLE\LIB\libCH58xBLE.a(l2cap_output.o)
                0x000000000000d07c                l2capSendCmd
 .text.l2capSendReq
                0x000000000000d106       0xbc c:\Project\C\CH583EVT\EVT\EXAM\BLE\LIB\libCH58xBLE.a(l2cap_output.o)
                0x000000000000d106                l2capSendReq
 .text.l2capBuildDisconnectReq
                0x000000000000d1c2       0x28 c:\Project\C\CH583EVT\EVT\EXAM\BLE\LIB\libCH58xBLE.a(l2cap_sdu.o)
 .text.l2capBuildParamUpdateReq
                0x000000000000d1ea       0x4c c:\Project\C\CH583EVT\EVT\EXAM\BLE\LIB\libCH58xBLE.a(l2cap_sdu.o)
 .text.l2capBuildParamUpdateRsp
                0x000000000000d236       0x16 c:\Project\C\CH583EVT\EVT\EXAM\BLE\LIB\libCH58xBLE.a(l2cap_sdu.o)
 .text.l2capBuildConnectRsp
                0x000000000000d24c       0x5e c:\Project\C\CH583EVT\EVT\EXAM\BLE\LIB\libCH58xBLE.a(l2cap_sdu.o)
 .text.l2capBuildCmdReject
                0x000000000000d2aa       0x62 c:\Project\C\CH583EVT\EVT\EXAM\BLE\LIB\libCH58xBLE.a(l2cap_sdu.o)
                0x000000000000d2aa                l2capBuildCmdReject
 .text.l2capBuildDisconnectRsp
                0x000000000000d30c       0x28 c:\Project\C\CH583EVT\EVT\EXAM\BLE\LIB\libCH58xBLE.a(l2cap_sdu.o)
                0x000000000000d30c                l2capBuildDisconnectRsp
 .text.l2capSendConnectRsp
                0x000000000000d334       0xa6 c:\Project\C\CH583EVT\EVT\EXAM\BLE\LIB\libCH58xBLE.a(l2cap_sdu.o)
                0x000000000000d334                l2capSendConnectRsp
 .text.L2CAP_CmdReject
                0x000000000000d3da       0x12 c:\Project\C\CH583EVT\EVT\EXAM\BLE\LIB\libCH58xBLE.a(l2cap_sdu.o)
                0x000000000000d3da                L2CAP_CmdReject
 .text.L2CAP_DisconnectReq
                0x000000000000d3ec       0x2a c:\Project\C\CH583EVT\EVT\EXAM\BLE\LIB\libCH58xBLE.a(l2cap_sdu.o)
                0x000000000000d3ec                L2CAP_DisconnectReq
 .text.L2CAP_ConnParamUpdateReq
                0x000000000000d416       0x16 c:\Project\C\CH583EVT\EVT\EXAM\BLE\LIB\libCH58xBLE.a(l2cap_sdu.o)
                0x000000000000d416                L2CAP_ConnParamUpdateReq
 .text.L2CAP_ConnParamUpdateRsp
                0x000000000000d42c       0x12 c:\Project\C\CH583EVT\EVT\EXAM\BLE\LIB\libCH58xBLE.a(l2cap_sdu.o)
                0x000000000000d42c                L2CAP_ConnParamUpdateRsp
 .text.reportStatusChange
                0x000000000000d43e       0x3e c:\Project\C\CH583EVT\EVT\EXAM\BLE\LIB\libCH58xBLE.a(linkdb.o)
 .text.linkDB_Init
                0x000000000000d47c       0xa0 c:\Project\C\CH583EVT\EVT\EXAM\BLE\LIB\libCH58xBLE.a(linkdb.o)
                0x000000000000d47c                linkDB_Init
 .text.linkDB_Find
                0x000000000000d51c       0x30 c:\Project\C\CH583EVT\EVT\EXAM\BLE\LIB\libCH58xBLE.a(linkdb.o)
                0x000000000000d51c                linkDB_Find
 .text.linkDB_Authen
                0x000000000000d54c       0x5c c:\Project\C\CH583EVT\EVT\EXAM\BLE\LIB\libCH58xBLE.a(linkdb.o)
                0x000000000000d54c                linkDB_Authen
 .text.linkDB_FindByAddr
                0x000000000000d5a8       0x7e c:\Project\C\CH583EVT\EVT\EXAM\BLE\LIB\libCH58xBLE.a(linkdb.o)
                0x000000000000d5a8                linkDB_FindByAddr
 .text.linkDB_FindFirst
                0x000000000000d626       0x3c c:\Project\C\CH583EVT\EVT\EXAM\BLE\LIB\libCH58xBLE.a(linkdb.o)
                0x000000000000d626                linkDB_FindFirst
 .text.linkDB_MTU
                0x000000000000d662       0x18 c:\Project\C\CH583EVT\EVT\EXAM\BLE\LIB\libCH58xBLE.a(linkdb.o)
                0x000000000000d662                linkDB_MTU
 .text.linkDB_NumActive
                0x000000000000d67a       0x32 c:\Project\C\CH583EVT\EVT\EXAM\BLE\LIB\libCH58xBLE.a(linkdb.o)
                0x000000000000d67a                linkDB_NumActive
 .text.linkDB_NumConns
                0x000000000000d6ac        0xa c:\Project\C\CH583EVT\EVT\EXAM\BLE\LIB\libCH58xBLE.a(linkdb.o)
                0x000000000000d6ac                linkDB_NumConns
 .text.linkDB_Register
                0x000000000000d6b6       0x28 c:\Project\C\CH583EVT\EVT\EXAM\BLE\LIB\libCH58xBLE.a(linkdb.o)
                0x000000000000d6b6                linkDB_Register
 .text.linkDB_Remove
                0x000000000000d6de       0x4c c:\Project\C\CH583EVT\EVT\EXAM\BLE\LIB\libCH58xBLE.a(linkdb.o)
                0x000000000000d6de                linkDB_Remove
 .text.linkDB_Role
                0x000000000000d72a       0x18 c:\Project\C\CH583EVT\EVT\EXAM\BLE\LIB\libCH58xBLE.a(linkdb.o)
                0x000000000000d72a                linkDB_Role
 .text.linkDB_State
                0x000000000000d742       0x30 c:\Project\C\CH583EVT\EVT\EXAM\BLE\LIB\libCH58xBLE.a(linkdb.o)
                0x000000000000d742                linkDB_State
 .text.linkDB_UpdateMTU
                0x000000000000d772       0x28 c:\Project\C\CH583EVT\EVT\EXAM\BLE\LIB\libCH58xBLE.a(linkdb.o)
                0x000000000000d772                linkDB_UpdateMTU
 .text.linkDB_PerformFunc
                0x000000000000d79a       0x56 c:\Project\C\CH583EVT\EVT\EXAM\BLE\LIB\libCH58xBLE.a(linkdb.o)
                0x000000000000d79a                linkDB_PerformFunc
 .text.linkDB_PeripheralLinkNum
                0x000000000000d7f0       0x42 c:\Project\C\CH583EVT\EVT\EXAM\BLE\LIB\libCH58xBLE.a(linkdb.o)
                0x000000000000d7f0                linkDB_PeripheralLinkNum
 .text.linkDB_GetSMEvtID
                0x000000000000d832       0x5c c:\Project\C\CH583EVT\EVT\EXAM\BLE\LIB\libCH58xBLE.a(linkdb.o)
                0x000000000000d832                linkDB_GetSMEvtID
 .text.linkDB_Add
                0x000000000000d88e       0xb2 c:\Project\C\CH583EVT\EVT\EXAM\BLE\LIB\libCH58xBLE.a(linkdb.o)
                0x000000000000d88e                linkDB_Add
 .text.linkDB_GetHandleFromSMEvtID
                0x000000000000d940       0x36 c:\Project\C\CH583EVT\EVT\EXAM\BLE\LIB\libCH58xBLE.a(linkdb.o)
                0x000000000000d940                linkDB_GetHandleFromSMEvtID
 .text.linkDB_GetPairingParam
                0x000000000000d976       0x72 c:\Project\C\CH583EVT\EVT\EXAM\BLE\LIB\libCH58xBLE.a(linkdb.o)
                0x000000000000d976                linkDB_GetPairingParam
 .text.linkDB_NeedSendKey
                0x000000000000d9e8       0x48 c:\Project\C\CH583EVT\EVT\EXAM\BLE\LIB\libCH58xBLE.a(linkdb.o)
                0x000000000000d9e8                linkDB_NeedSendKey
 .text.smStartRspTimer
                0x000000000000da30       0x3a c:\Project\C\CH583EVT\EVT\EXAM\BLE\LIB\libCH58xBLE.a(sm.o)
 .text.smStartEncryption
                0x000000000000da6a       0xa0 c:\Project\C\CH583EVT\EVT\EXAM\BLE\LIB\libCH58xBLE.a(sm.o)
 .text.smFreePairingParams
                0x000000000000db0a       0x7e c:\Project\C\CH583EVT\EVT\EXAM\BLE\LIB\libCH58xBLE.a(sm.o)
                0x000000000000db0a                smFreePairingParams
 .text.smEndPairing
                0x000000000000db88       0x60 c:\Project\C\CH583EVT\EVT\EXAM\BLE\LIB\libCH58xBLE.a(sm.o)
                0x000000000000db88                smEndPairing
 .text.smLinkCheck
                0x000000000000dbe8       0x34 c:\Project\C\CH583EVT\EVT\EXAM\BLE\LIB\libCH58xBLE.a(sm.o)
                0x000000000000dbe8                smLinkCheck
 .text.smNextPairingState
                0x000000000000dc1c       0x58 c:\Project\C\CH583EVT\EVT\EXAM\BLE\LIB\libCH58xBLE.a(sm.o)
                0x000000000000dc1c                smNextPairingState
 .text.smProcessEncryptChange
                0x000000000000dc74       0xf0 c:\Project\C\CH583EVT\EVT\EXAM\BLE\LIB\libCH58xBLE.a(sm.o)
                0x000000000000dc74                smProcessEncryptChange
 .text.smSendSMMsg
                0x000000000000dd64       0x5c c:\Project\C\CH583EVT\EVT\EXAM\BLE\LIB\libCH58xBLE.a(sm.o)
                0x000000000000dd64                smSendSMMsg
 .text.smSendFailAndEnd
                0x000000000000ddc0       0x38 c:\Project\C\CH583EVT\EVT\EXAM\BLE\LIB\libCH58xBLE.a(sm.o)
                0x000000000000ddc0                smSendFailAndEnd
 .text.smProcessPairingReq
                0x000000000000ddf8       0x3c c:\Project\C\CH583EVT\EVT\EXAM\BLE\LIB\libCH58xBLE.a(sm.o)
                0x000000000000ddf8                smProcessPairingReq
 .text.smSetPairingReqRsp
                0x000000000000de34       0x3c c:\Project\C\CH583EVT\EVT\EXAM\BLE\LIB\libCH58xBLE.a(sm.o)
                0x000000000000de34                smSetPairingReqRsp
 .text.SM_StartEncryption
                0x000000000000de70       0x16 c:\Project\C\CH583EVT\EVT\EXAM\BLE\LIB\libCH58xBLE.a(sm.o)
                0x000000000000de70                SM_StartEncryption
 .text.sm_dhkey
                0x000000000000de86       0x3a c:\Project\C\CH583EVT\EVT\EXAM\BLE\LIB\libCH58xBLE.a(sm.o)
                0x000000000000de86                sm_dhkey
 .text.sm_c1    0x000000000000dec0       0xb4 c:\Project\C\CH583EVT\EVT\EXAM\BLE\LIB\libCH58xBLE.a(sm.o)
                0x000000000000dec0                sm_c1
 .text.smDetermineKeySize
                0x000000000000df74       0x20 c:\Project\C\CH583EVT\EVT\EXAM\BLE\LIB\libCH58xBLE.a(sm.o)
                0x000000000000df74                smDetermineKeySize
 .text.smpParsePairingReq
                0x000000000000df94      0x118 c:\Project\C\CH583EVT\EVT\EXAM\BLE\LIB\libCH58xBLE.a(sm.o)
                0x000000000000df94                smpParsePairingReq
 .text.smpParseEncInfo
                0x000000000000e0ac       0x2a c:\Project\C\CH583EVT\EVT\EXAM\BLE\LIB\libCH58xBLE.a(sm.o)
                0x000000000000e0ac                smpParseEncInfo
 .text.smpParseIdentityAddrInfo
                0x000000000000e0d6       0x34 c:\Project\C\CH583EVT\EVT\EXAM\BLE\LIB\libCH58xBLE.a(sm.o)
                0x000000000000e0d6                smpParseIdentityAddrInfo
 .text.smpParseIdentityInfo
                0x000000000000e10a       0x2a c:\Project\C\CH583EVT\EVT\EXAM\BLE\LIB\libCH58xBLE.a(sm.o)
                0x000000000000e10a                smpParseIdentityInfo
 .text.smpParseMasterID
                0x000000000000e134       0x3c c:\Project\C\CH583EVT\EVT\EXAM\BLE\LIB\libCH58xBLE.a(sm.o)
                0x000000000000e134                smpParseMasterID
 .text.smpParsePairingConfirm
                0x000000000000e170       0x2a c:\Project\C\CH583EVT\EVT\EXAM\BLE\LIB\libCH58xBLE.a(sm.o)
                0x000000000000e170                smpParsePairingConfirm
 .text.smpParsePairingFailed
                0x000000000000e19a       0x1c c:\Project\C\CH583EVT\EVT\EXAM\BLE\LIB\libCH58xBLE.a(sm.o)
                0x000000000000e19a                smpParsePairingFailed
 .text.smpParsePairingRandom
                0x000000000000e1b6       0x2a c:\Project\C\CH583EVT\EVT\EXAM\BLE\LIB\libCH58xBLE.a(sm.o)
                0x000000000000e1b6                smpParsePairingRandom
 .text.smpParseSigningInfo
                0x000000000000e1e0       0x2a c:\Project\C\CH583EVT\EVT\EXAM\BLE\LIB\libCH58xBLE.a(sm.o)
                0x000000000000e1e0                smpParseSigningInfo
 .text.smpParsePairingPublicKey
                0x000000000000e20a       0x2c c:\Project\C\CH583EVT\EVT\EXAM\BLE\LIB\libCH58xBLE.a(sm.o)
                0x000000000000e20a                smpParsePairingPublicKey
 .text.smpParsePairingDHKeyCheck
                0x000000000000e236       0x2a c:\Project\C\CH583EVT\EVT\EXAM\BLE\LIB\libCH58xBLE.a(sm.o)
                0x000000000000e236                smpParsePairingDHKeyCheck
 .text.smProcessDataMsg
                0x000000000000e260       0xfc c:\Project\C\CH583EVT\EVT\EXAM\BLE\LIB\libCH58xBLE.a(sm.o)
                0x000000000000e260                smProcessDataMsg
 .text.smProcessTMOSMsg
                0x000000000000e35c      0x164 c:\Project\C\CH583EVT\EVT\EXAM\BLE\LIB\libCH58xBLE.a(sm.o)
                0x000000000000e35c                smProcessTMOSMsg
 .text.SM_CalcRandomAddr
                0x000000000000e4c0       0x54 c:\Project\C\CH583EVT\EVT\EXAM\BLE\LIB\libCH58xBLE.a(sm.o)
                0x000000000000e4c0                SM_CalcRandomAddr
 .text.SM_GenerateAuthenSig
                0x000000000000e514       0xe6 c:\Project\C\CH583EVT\EVT\EXAM\BLE\LIB\libCH58xBLE.a(sm.o)
                0x000000000000e514                SM_GenerateAuthenSig
 .text.SM_PasskeyUpdate
                0x000000000000e5fa       0xe8 c:\Project\C\CH583EVT\EVT\EXAM\BLE\LIB\libCH58xBLE.a(sm.o)
                0x000000000000e5fa                SM_PasskeyUpdate
 .text.SM_ResolveRandomAddrs
                0x000000000000e6e2       0x5e c:\Project\C\CH583EVT\EVT\EXAM\BLE\LIB\libCH58xBLE.a(sm.o)
                0x000000000000e6e2                SM_ResolveRandomAddrs
 .text.SM_StartPairing
                0x000000000000e740       0xc2 c:\Project\C\CH583EVT\EVT\EXAM\BLE\LIB\libCH58xBLE.a(sm.o)
                0x000000000000e740                SM_StartPairing
 .text.SM_VerifyAuthenSig
                0x000000000000e802      0x150 c:\Project\C\CH583EVT\EVT\EXAM\BLE\LIB\libCH58xBLE.a(sm.o)
                0x000000000000e802                SM_VerifyAuthenSig
 .text.SM_ProcessEvent
                0x000000000000e952       0xb4 c:\Project\C\CH583EVT\EVT\EXAM\BLE\LIB\libCH58xBLE.a(sm.o)
                0x000000000000e952                SM_ProcessEvent
 .text.SM_ParamInit
                0x000000000000ea06       0x5a c:\Project\C\CH583EVT\EVT\EXAM\BLE\LIB\libCH58xBLE.a(sm.o)
                0x000000000000ea06                SM_ParamInit
 .text.SM_InitiatorInit
                0x000000000000ea60       0x1e c:\Project\C\CH583EVT\EVT\EXAM\BLE\LIB\libCH58xBLE.a(sm.o)
                0x000000000000ea60                SM_InitiatorInit
 .text.SM_ResponderInit
                0x000000000000ea7e       0x1e c:\Project\C\CH583EVT\EVT\EXAM\BLE\LIB\libCH58xBLE.a(sm.o)
                0x000000000000ea7e                SM_ResponderInit
 .text.SM_Init  0x000000000000ea9c       0x2a c:\Project\C\CH583EVT\EVT\EXAM\BLE\LIB\libCH58xBLE.a(sm.o)
                0x000000000000ea9c                SM_Init
 .text.smpInitiatorProcessPairingRsp
                0x000000000000eac6      0x278 c:\Project\C\CH583EVT\EVT\EXAM\BLE\LIB\libCH58xBLE.a(sm_initiator.o)
                0x000000000000eac6                smpInitiatorProcessPairingRsp
 .text.smInitiatorSendNextKeyInfo
                0x000000000000ed3e      0x26a c:\Project\C\CH583EVT\EVT\EXAM\BLE\LIB\libCH58xBLE.a(sm_initiator.o)
                0x000000000000ed3e                smInitiatorSendNextKeyInfo
 .text.setupInitiatorKeys
                0x000000000000efa8       0x88 c:\Project\C\CH583EVT\EVT\EXAM\BLE\LIB\libCH58xBLE.a(sm_initiator.o)
 .text.smpInitiatorProcessIncoming
                0x000000000000f030      0x410 c:\Project\C\CH583EVT\EVT\EXAM\BLE\LIB\libCH58xBLE.a(sm_initiator.o)
                0x000000000000f030                smpInitiatorProcessIncoming
 .text.smpBuildPairingReqRsp
                0x000000000000f440       0xc6 c:\Project\C\CH583EVT\EVT\EXAM\BLE\LIB\libCH58xBLE.a(sm_pdu.o)
 .text.smpBuildPairingReq
                0x000000000000f506        0xa c:\Project\C\CH583EVT\EVT\EXAM\BLE\LIB\libCH58xBLE.a(sm_pdu.o)
                0x000000000000f506                smpBuildPairingReq
 .text.smpBuildPairingRsp
                0x000000000000f510        0xa c:\Project\C\CH583EVT\EVT\EXAM\BLE\LIB\libCH58xBLE.a(sm_pdu.o)
                0x000000000000f510                smpBuildPairingRsp
 .text.smpBuildPairingConfirm
                0x000000000000f51a       0x30 c:\Project\C\CH583EVT\EVT\EXAM\BLE\LIB\libCH58xBLE.a(sm_pdu.o)
                0x000000000000f51a                smpBuildPairingConfirm
 .text.smpBuildPairingRandom
                0x000000000000f54a       0x30 c:\Project\C\CH583EVT\EVT\EXAM\BLE\LIB\libCH58xBLE.a(sm_pdu.o)
                0x000000000000f54a                smpBuildPairingRandom
 .text.smpBuildEncInfo
                0x000000000000f57a       0x30 c:\Project\C\CH583EVT\EVT\EXAM\BLE\LIB\libCH58xBLE.a(sm_pdu.o)
                0x000000000000f57a                smpBuildEncInfo
 .text.smpBuildMasterID
                0x000000000000f5aa       0x44 c:\Project\C\CH583EVT\EVT\EXAM\BLE\LIB\libCH58xBLE.a(sm_pdu.o)
                0x000000000000f5aa                smpBuildMasterID
 .text.smpBuildIdentityInfo
                0x000000000000f5ee       0x30 c:\Project\C\CH583EVT\EVT\EXAM\BLE\LIB\libCH58xBLE.a(sm_pdu.o)
                0x000000000000f5ee                smpBuildIdentityInfo
 .text.smpBuildIdentityAddrInfo
                0x000000000000f61e       0x3a c:\Project\C\CH583EVT\EVT\EXAM\BLE\LIB\libCH58xBLE.a(sm_pdu.o)
                0x000000000000f61e                smpBuildIdentityAddrInfo
 .text.smpBuildSigningInfo
                0x000000000000f658       0x30 c:\Project\C\CH583EVT\EVT\EXAM\BLE\LIB\libCH58xBLE.a(sm_pdu.o)
                0x000000000000f658                smpBuildSigningInfo
 .text.smpBuildPublicKey
                0x000000000000f688       0x32 c:\Project\C\CH583EVT\EVT\EXAM\BLE\LIB\libCH58xBLE.a(sm_pdu.o)
                0x000000000000f688                smpBuildPublicKey
 .text.smpBuildDHKey
                0x000000000000f6ba       0x30 c:\Project\C\CH583EVT\EVT\EXAM\BLE\LIB\libCH58xBLE.a(sm_pdu.o)
                0x000000000000f6ba                smpBuildDHKey
 .text.smpBuildPairingFailed
                0x000000000000f6ea       0x1a c:\Project\C\CH583EVT\EVT\EXAM\BLE\LIB\libCH58xBLE.a(sm_pdu.o)
                0x000000000000f6ea                smpBuildPairingFailed
 .text.smpBuildSecurityReq
                0x000000000000f704       0x1a c:\Project\C\CH583EVT\EVT\EXAM\BLE\LIB\libCH58xBLE.a(sm_pdu.o)
                0x000000000000f704                smpBuildSecurityReq
 .text.smGeneratePairingReq
                0x000000000000f71e       0x30 c:\Project\C\CH583EVT\EVT\EXAM\BLE\LIB\libCH58xBLE.a(sm_pdu.o)
                0x000000000000f71e                smGeneratePairingReq
 .text.smGeneratePairingRsp
                0x000000000000f74e       0x30 c:\Project\C\CH583EVT\EVT\EXAM\BLE\LIB\libCH58xBLE.a(sm_pdu.o)
                0x000000000000f74e                smGeneratePairingRsp
 .text.smGenerateConfirm
                0x000000000000f77e       0x34 c:\Project\C\CH583EVT\EVT\EXAM\BLE\LIB\libCH58xBLE.a(sm_pdu.o)
                0x000000000000f77e                smGenerateConfirm
 .text.smGenerateRandMsg
                0x000000000000f7b2       0x34 c:\Project\C\CH583EVT\EVT\EXAM\BLE\LIB\libCH58xBLE.a(sm_pdu.o)
                0x000000000000f7b2                smGenerateRandMsg
 .text.smGeneratePairingPublicKey
                0x000000000000f7e6       0x60 c:\Project\C\CH583EVT\EVT\EXAM\BLE\LIB\libCH58xBLE.a(sm_pdu.o)
                0x000000000000f7e6                smGeneratePairingPublicKey
 .text.smGeneratePairingDHKeyCheck
                0x000000000000f846      0x24c c:\Project\C\CH583EVT\EVT\EXAM\BLE\LIB\libCH58xBLE.a(sm_pdu.o)
                0x000000000000f846                smGeneratePairingDHKeyCheck
 .text.smPairingSendEncInfo
                0x000000000000fa92       0x10 c:\Project\C\CH583EVT\EVT\EXAM\BLE\LIB\libCH58xBLE.a(sm_pdu.o)
                0x000000000000fa92                smPairingSendEncInfo
 .text.smPairingSendIdentityAddrInfo
                0x000000000000faa2       0x38 c:\Project\C\CH583EVT\EVT\EXAM\BLE\LIB\libCH58xBLE.a(sm_pdu.o)
                0x000000000000faa2                smPairingSendIdentityAddrInfo
 .text.smPairingSendIdentityInfo
                0x000000000000fada       0x10 c:\Project\C\CH583EVT\EVT\EXAM\BLE\LIB\libCH58xBLE.a(sm_pdu.o)
                0x000000000000fada                smPairingSendIdentityInfo
 .text.smPairingSendMasterID
                0x000000000000faea       0x38 c:\Project\C\CH583EVT\EVT\EXAM\BLE\LIB\libCH58xBLE.a(sm_pdu.o)
                0x000000000000faea                smPairingSendMasterID
 .text.smPairingSendSingingInfo
                0x000000000000fb22       0x10 c:\Project\C\CH583EVT\EVT\EXAM\BLE\LIB\libCH58xBLE.a(sm_pdu.o)
                0x000000000000fb22                smPairingSendSingingInfo
 .text.smResponderSendNextKeyInfo
                0x000000000000fb32      0x2de c:\Project\C\CH583EVT\EVT\EXAM\BLE\LIB\libCH58xBLE.a(sm_responding.o)
                0x000000000000fb32                smResponderSendNextKeyInfo
 .text.smResponderProcessLTKReq
                0x000000000000fe10      0x1a6 c:\Project\C\CH583EVT\EVT\EXAM\BLE\LIB\libCH58xBLE.a(sm_responding.o)
                0x000000000000fe10                smResponderProcessLTKReq
 .text.smpResponderProcessIncoming
                0x000000000000ffb6      0x6f6 c:\Project\C\CH583EVT\EVT\EXAM\BLE\LIB\libCH58xBLE.a(sm_responding.o)
                0x000000000000ffb6                smpResponderProcessIncoming
 .text.xor_128  0x00000000000106ac       0x28 c:\Project\C\CH583EVT\EVT\EXAM\BLE\LIB\libCH58xBLE.a(sm_toolbox.o)
                0x00000000000106ac                xor_128
 .text.leftshift_onebit
                0x00000000000106d4       0x2e c:\Project\C\CH583EVT\EVT\EXAM\BLE\LIB\libCH58xBLE.a(sm_toolbox.o)
                0x00000000000106d4                leftshift_onebit
 .text.padding  0x0000000000010702       0x38 c:\Project\C\CH583EVT\EVT\EXAM\BLE\LIB\libCH58xBLE.a(sm_toolbox.o)
                0x0000000000010702                padding
 .text.generate_subkey
                0x000000000001073a       0xd4 c:\Project\C\CH583EVT\EVT\EXAM\BLE\LIB\libCH58xBLE.a(sm_toolbox.o)
                0x000000000001073a                generate_subkey
 .text.sm_xor   0x000000000001080e       0x24 c:\Project\C\CH583EVT\EVT\EXAM\BLE\LIB\libCH58xBLE.a(sm_toolbox.o)
                0x000000000001080e                sm_xor
 .text.sm_ah    0x0000000000010832       0x90 c:\Project\C\CH583EVT\EVT\EXAM\BLE\LIB\libCH58xBLE.a(sm_toolbox.o)
                0x0000000000010832                sm_ah
 .text.sm_c1new
                0x00000000000108c2      0x144 c:\Project\C\CH583EVT\EVT\EXAM\BLE\LIB\libCH58xBLE.a(sm_toolbox.o)
                0x00000000000108c2                sm_c1new